******************************************************************************
                  MSP430 Linker PC v4.2.1                      
******************************************************************************
>> Linked Fri Dec 13 12:47:31 2013

OUTPUT FILE NAME:   <L8aDice.out>
ENTRY POINT SYMBOL: "_c_int00"  address: 0000a5ce


MEMORY CONFIGURATION

         name            origin    length      used     unused   attr    fill
----------------------  --------  ---------  --------  --------  ----  --------
  SFR                   00000000   00000010  00000000  00000010  RWIX
  PERIPHERALS_8BIT      00000010   000000f0  00000000  000000f0  RWIX
  PERIPHERALS_16BIT     00000100   00000100  00000000  00000100  RWIX
  RAM                   00000200   00000400  00000076  0000038a  RWIX
  INFOD                 00001000   00000040  00000000  00000040  RWIX
  INFOC                 00001040   00000040  00000000  00000040  RWIX
  INFOB                 00001080   00000040  00000000  00000040  RWIX
  INFOA                 000010c0   00000040  00000000  00000040  RWIX
  FLASH                 00008000   00007fde  00002f90  0000504e  RWIX
  INT00                 0000ffe0   00000002  00000000  00000002  RWIX
  INT01                 0000ffe2   00000002  00000000  00000002  RWIX
  INT02                 0000ffe4   00000002  00000002  00000000  RWIX
  INT03                 0000ffe6   00000002  00000002  00000000  RWIX
  INT04                 0000ffe8   00000002  00000000  00000002  RWIX
  INT05                 0000ffea   00000002  00000002  00000000  RWIX
  INT06                 0000ffec   00000002  00000002  00000000  RWIX
  INT07                 0000ffee   00000002  00000002  00000000  RWIX
  INT08                 0000fff0   00000002  00000002  00000000  RWIX
  INT09                 0000fff2   00000002  00000002  00000000  RWIX
  INT10                 0000fff4   00000002  00000002  00000000  RWIX
  INT11                 0000fff6   00000002  00000000  00000002  RWIX
  INT12                 0000fff8   00000002  00000002  00000000  RWIX
  INT13                 0000fffa   00000002  00000002  00000000  RWIX
  INT14                 0000fffc   00000002  00000002  00000000  RWIX
  RESET                 0000fffe   00000002  00000002  00000000  RWIX


SECTION ALLOCATION MAP

 output                                  attributes/
section   page    origin      length       input sections
--------  ----  ----------  ----------   ----------------
.init_array 
*          0    00008000    00000000     UNINITIALIZED

.data      0    00000200    00000014     UNINITIALIZED
                  00000200    00000014     dice.obj (.data)

.TI.persistent 
*          0    00000200    00000000     UNINITIALIZED

.bss       0    00000214    00000012     UNINITIALIZED
                  00000214    00000002     random.obj (.bss)
                  00000216    00000002     (.common:WDT_Delay)
                  00000218    00000002     (.common:WDT_Sec_Cnt)
                  0000021a    00000002     (.common:WDT_Tone_Cnt)
                  0000021c    00000002     (.common:i2c_fSCL)
                  0000021e    00000002     (.common:rset)
                  00000220    00000002     (.common:rset2)
                  00000222    00000001     (.common:char_cnt)
                  00000223    00000001     (.common:lcd_dmode)
                  00000224    00000001     (.common:lcd_x)
                  00000225    00000001     (.common:lcd_y)

.TI.noinit 
*          0    00000214    00000000     UNINITIALIZED

.stack     0    000005b0    00000050     UNINITIALIZED
                  000005b0    00000002     rts430_eabi.lib : boot.obj (.stack)
                  000005b2    0000004e     --HOLE--

.text      0    00008000    000026c6     
                  00008000    0000045e     rts430_eabi.lib : frcdivd.obj (.text:__TI_frcdivd)
                  0000845e    000003fa     dice.obj (.text:main)
                  00008858    000002f8     rts430_eabi.lib : frcmpyd.obj (.text:__TI_frcmpyd)
                  00008b50    00000260     dice.obj (.text:showHist)
                  00008db0    00000256     rts430_eabi.lib : mpyd.obj (.text:__mspabi_mpyd)
                  00009006    00000246     RBX430_lcd.obj (.text:lcd_point)
                  0000924c    00000238     rts430_eabi.lib : divd.obj (.text:__mspabi_divd)
                  00009484    00000238     RBX430_lcd.obj (.text:my_printfi)
                  000096bc    00000146     RBX430_lcd.obj (.text:lcd_init)
                  00009802    00000138     rts430_eabi.lib : cmpd.obj (.text:__mspabi_cmpd)
                  0000993a    00000132     RBX430_lcd.obj (.text:lcd_putchar)
                  00009a6c    000000e0     dice.obj (.text:drawDie)
                  00009b4c    000000d4     RBX430_lcd.obj (.text:lcd_wordImage)
                  00009c20    000000be     RBX430-1.obj (.text:RBX430_init)
                  00009cde    000000bc     RBX430-1.obj (.text:ADC_read)
                  00009d9a    000000a0     random.obj (.text)
                  00009e3a    0000008c     RBX430_lcd.obj (.text:lcd_rectangle)
                  00009ec6    0000008a     dice.obj (.text:WDT_ISR)
                  00009f50    00000088     rts430_eabi.lib : fixdli.obj (.text:__mspabi_fixdli)
                  00009fd8    00000076     RBX430-1.obj (.text:ERROR2)
                  0000a04e    0000005e     rts430_eabi.lib : copy_decompress_rle.obj (.text:__TI_decompress_rle_core)
                  0000a0ac    0000005e                     : autoinit.obj (.text:_auto_init)
                  0000a10a    0000005e     RBX430_lcd.obj (.text:lcd_WD)
                  0000a168    0000005c     rts430_eabi.lib : lsr32.obj (.text:l_lsr_const)
                  0000a1c4    0000004c                     : lsr16.obj (.text)
                  0000a210    0000004a     RBX430_lcd.obj (.text:lcd_WD2)
                  0000a25a    00000046     RBX430_lcd.obj (.text:DelayMs)
                  0000a2a0    0000003e     rts430_eabi.lib : asr32.obj (.text:l_asr_const)
                  0000a2de    0000003e                     : lsl32.obj (.text:l_lsl_const)
                  0000a31c    0000003c     dice.obj (.text:setCount)
                  0000a358    00000038     RBX430_lcd.obj (.text:ReadDataWord)
                  0000a390    00000034     RBX430_lcd.obj (.text:WriteDataWord)
                  0000a3c4    00000034     dice.obj (.text:get_switch)
                  0000a3f8    00000034     RBX430_lcd.obj (.text:lcd_set_x_y)
                  0000a42c    00000030     RBX430_lcd.obj (.text:lcd_cursor)
                  0000a45c    0000002e     RBX430_lcd.obj (.text:lcd_set)
                  0000a48a    0000002c     rts430_eabi.lib : asr16.obj (.text)
                  0000a4b6    0000002c                     : lsl16.obj (.text)
                  0000a4e2    00000028                     : fixdi.obj (.text:__mspabi_fixdi)
                  0000a50a    00000026                     : mult32.obj (.text)
                  0000a530    00000024     RBX430_lcd.obj (.text:lcd_printf)
                  0000a554    00000020     RBX430_lcd.obj (.text:ReadData)
                  0000a574    0000001e     RBX430_lcd.obj (.text:WriteCmd)
                  0000a592    0000001e     RBX430_lcd.obj (.text:WriteData)
                  0000a5b0    0000001e     RBX430_lcd.obj (.text:lcd_mode)
                  0000a5ce    0000001a     rts430_eabi.lib : boot.obj (.text:_c_int00_noexit)
                  0000a5e8    00000018     dice.obj (.text:doTone)
                  0000a600    00000014     rts430_eabi.lib : copy_zero_init.obj (.text:decompress:ZI:__TI_zero_init)
                  0000a614    00000014     RBX430_lcd.obj (.text:lcd_backlight)
                  0000a628    00000014     rts430_eabi.lib : mult16.obj (.text)
                  0000a63c    00000012                     : copy_decompress_none.obj (.text:decompress:none:__TI_decompress_none)
                  0000a64e    00000012                     : lsr32.obj (.text:l_lsr)
                  0000a660    00000012                     : memcpy.obj (.text:memcpy)
                  0000a672    00000010     dice.obj (.text:WDT_sleep)
                  0000a682    00000010     rts430_eabi.lib : epilog.obj (.text)
                  0000a692    0000000e                     : strlen.obj (.text:strlen)
                  0000a6a0    0000000a     RBX430_lcd.obj (.text:lcd_clear)
                  0000a6aa    00000008     RBX430-1.obj (.text:ADC10_ISR)
                  0000a6b2    00000006     rts430_eabi.lib : isr_trap.obj (.text:__TI_ISR_TRAP)
                  0000a6b8    00000006                     : copy_decompress_rle.obj (.text:decompress:rle24:__TI_decompress_rle24)
                  0000a6be    00000004                     : pre_init.obj (.text:_system_pre_init)
                  0000a6c2    00000004                     : exit.obj (.text:abort)

.const     0    0000a6c6    000008aa     
                  0000a6c6    000004e4     dice.obj (.const:byu4_image)
                  0000abaa    000001e0     RBX430_lcd.obj (.const:cs)
                  0000ad8a    000000a2     RBX430_lcd.obj (.const:.string:dv3)
                  0000ae2c    00000090     dice.obj (.const:.string)
                  0000aebc    00000052     dice.obj (.const:spot_image)
                  0000af0e    0000002c     RBX430_lcd.obj (.const:dv$3)
                  0000af3a    00000011     RBX430_lcd.obj (.const:.string:lHexChar$1)
                  0000af4b    00000001     --HOLE-- [fill = 0]
                  0000af4c    00000011     RBX430_lcd.obj (.const:.string:uHexChar$2)
                  0000af5d    00000001     --HOLE-- [fill = 0]
                  0000af5e    00000006     dice.obj (.const:.string:dice)
                  0000af64    00000006     RBX430_lcd.obj (.const:px_off)
                  0000af6a    00000006     RBX430_lcd.obj (.const:px_on)

.cinit     0    0000af70    00000020     
                  0000af70    0000000d     (.cinit..data.load) [load image, compression = rle]
                  0000af7d    00000001     --HOLE-- [fill = 0]
                  0000af7e    00000006     (__TI_handler_table)
                  0000af84    00000004     (.cinit..bss.load) [load image, compression = zero_init]
                  0000af88    00000008     (__TI_cinit_table)

PORT1      0    0000ffe4    00000002     
                  0000ffe4    00000002     rts430_eabi.lib : int02.obj (.int02)

PORT2      0    0000ffe6    00000002     
                  0000ffe6    00000002     rts430_eabi.lib : int03.obj (.int03)

ADC10      0    0000ffea    00000002     
                  0000ffea    00000002     RBX430-1.obj (.int05)

USCIAB0TX 
*          0    0000ffec    00000002     
                  0000ffec    00000002     rts430_eabi.lib : int06.obj (.int06)

USCIAB0RX 
*          0    0000ffee    00000002     
                  0000ffee    00000002     rts430_eabi.lib : int07.obj (.int07)

TIMERA1    0    0000fff0    00000002     
                  0000fff0    00000002     rts430_eabi.lib : int08.obj (.int08)

TIMERA0    0    0000fff2    00000002     
                  0000fff2    00000002     rts430_eabi.lib : int09.obj (.int09)

WDT        0    0000fff4    00000002     
                  0000fff4    00000002     dice.obj (.int10)

TIMERB1    0    0000fff8    00000002     
                  0000fff8    00000002     rts430_eabi.lib : int12.obj (.int12)

TIMERB0    0    0000fffa    00000002     
                  0000fffa    00000002     rts430_eabi.lib : int13.obj (.int13)

NMI        0    0000fffc    00000002     
                  0000fffc    00000002     rts430_eabi.lib : int14.obj (.int14)

.reset     0    0000fffe    00000002     
                  0000fffe    00000002     rts430_eabi.lib : boot.obj (.reset)


LINKER GENERATED COPY TABLES

__TI_cinit_table @ 0000af88 records: 2, size/record: 4, table size: 8
	.data: load addr=0000af70, load size=0000000d bytes, run addr=00000200, run size=00000014 bytes, compression=rle
	.bss: load addr=0000af84, load size=00000004 bytes, run addr=00000214, run size=00000012 bytes, compression=zero_init


LINKER GENERATED HANDLER TABLE

__TI_handler_table @ 0000af7e records: 3, size/record: 2, table size: 6
	index: 0, handler: __TI_zero_init
	index: 1, handler: __TI_decompress_rle24
	index: 2, handler: __TI_decompress_none


GLOBAL SYMBOLS: SORTED ALPHABETICALLY BY Name 

address    name
--------   ----
0000004a   ADC10AE0
0000004b   ADC10AE1
000001b0   ADC10CTL0
000001b2   ADC10CTL1
00000048   ADC10DTC0
00000049   ADC10DTC1
000001b4   ADC10MEM
000001bc   ADC10SA
0000a6aa   ADC10_ISR
00009cde   ADC_read
00000057   BCSCTL1
00000058   BCSCTL2
00000053   BCSCTL3
0000a6c2   C$$EXIT
000010fb   CALBC1_12MHZ
000010f9   CALBC1_16MHZ
000010ff   CALBC1_1MHZ
000010fd   CALBC1_8MHZ
000010fa   CALDCO_12MHZ
000010f8   CALDCO_16MHZ
000010fe   CALDCO_1MHZ
000010fc   CALDCO_8MHZ
00000056   DCOCTL
00009df0   DIVU
00009fd8   ERROR2
00000128   FCTL1
0000012a   FCTL2
0000012c   FCTL3
00000000   IE1
00000001   IE2
00000002   IFG1
00000003   IFG2
00009dd4   MPYU
000000c0   OA0CTL0
000000c1   OA0CTL1
000000c2   OA1CTL0
000000c3   OA1CTL1
00000022   P1DIR
00000025   P1IE
00000024   P1IES
00000023   P1IFG
00000020   P1IN
00000021   P1OUT
00000027   P1REN
00000026   P1SEL
0000002a   P2DIR
0000002d   P2IE
0000002c   P2IES
0000002b   P2IFG
00000028   P2IN
00000029   P2OUT
0000002f   P2REN
0000002e   P2SEL
0000001a   P3DIR
00000018   P3IN
00000019   P3OUT
00000010   P3REN
0000001b   P3SEL
0000001e   P4DIR
0000001c   P4IN
0000001d   P4OUT
00000011   P4REN
0000001f   P4SEL
00009c20   RBX430_init
00000172   TACCR0
00000174   TACCR1
00000176   TACCR2
00000162   TACCTL0
00000164   TACCTL1
00000166   TACCTL2
00000160   TACTL
0000012e   TAIV
00000170   TAR
00000192   TBCCR0
00000194   TBCCR1
00000196   TBCCR2
00000182   TBCCTL0
00000184   TBCCTL1
00000186   TBCCTL2
00000180   TBCTL
0000011e   TBIV
00000190   TBR
0000005d   UCA0ABCTL
00000062   UCA0BR0
00000063   UCA0BR1
00000060   UCA0CTL0
00000061   UCA0CTL1
0000005f   UCA0IRRCTL
0000005e   UCA0IRTCTL
00000064   UCA0MCTL
00000066   UCA0RXBUF
00000065   UCA0STAT
00000067   UCA0TXBUF
0000006a   UCB0BR0
0000006b   UCB0BR1
00000068   UCB0CTL0
00000069   UCB0CTL1
0000006c   UCB0I2CIE
00000118   UCB0I2COA
0000011a   UCB0I2CSA
0000006e   UCB0RXBUF
0000006d   UCB0STAT
0000006f   UCB0TXBUF
00000120   WDTCTL
00000216   WDT_Delay
00009ec6   WDT_ISR
00000218   WDT_Sec_Cnt
0000021a   WDT_Tone_Cnt
0000a672   WDT_sleep
00000600   __STACK_END
00000050   __STACK_SIZE
0000af88   __TI_CINIT_Base
0000af90   __TI_CINIT_Limit
0000af7e   __TI_Handler_Table_Base
0000af84   __TI_Handler_Table_Limit
UNDEFED    __TI_INITARRAY_Base
UNDEFED    __TI_INITARRAY_Limit
0000a6b2   __TI_ISR_TRAP
00000001   __TI_args_main
0000a63c   __TI_decompress_none
0000a6b8   __TI_decompress_rle24
00000001   __TI_exit
00008000   __TI_frcdivd
00008858   __TI_frcmpyd
0000ffe4   __TI_int02
0000ffe6   __TI_int03
0000ffea   __TI_int05
0000ffec   __TI_int06
0000ffee   __TI_int07
0000fff0   __TI_int08
0000fff2   __TI_int09
0000fff4   __TI_int10
0000fff8   __TI_int12
0000fffa   __TI_int13
0000fffc   __TI_int14
0000a600   __TI_zero_init
ffffffff   __binit__
ffffffff   __c_args__
00009802   __mspabi_cmpd
0000924c   __mspabi_divd
0000a4e2   __mspabi_fixdi
00009f50   __mspabi_fixdli
0000a68e   __mspabi_func_epilog_1
0000a68c   __mspabi_func_epilog_2
0000a68a   __mspabi_func_epilog_3
0000a688   __mspabi_func_epilog_4
0000a686   __mspabi_func_epilog_5
0000a684   __mspabi_func_epilog_6
0000a682   __mspabi_func_epilog_7
00008db0   __mspabi_mpyd
0000a628   __mspabi_mpyi
0000a50a   __mspabi_mpyl
0000a4b6   __mspabi_slli
0000a4de   __mspabi_slli_1
0000a4cc   __mspabi_slli_10
0000a4ca   __mspabi_slli_11
0000a4c8   __mspabi_slli_12
0000a4c6   __mspabi_slli_13
0000a4c4   __mspabi_slli_14
0000a4c2   __mspabi_slli_15
0000a4dc   __mspabi_slli_2
0000a4da   __mspabi_slli_3
0000a4d8   __mspabi_slli_4
0000a4d6   __mspabi_slli_5
0000a4d4   __mspabi_slli_6
0000a4d2   __mspabi_slli_7
0000a4d0   __mspabi_slli_8
0000a4ce   __mspabi_slli_9
0000a316   __mspabi_slll_1
0000a2f2   __mspabi_slll_10
0000a2ee   __mspabi_slll_11
0000a2ea   __mspabi_slll_12
0000a2e6   __mspabi_slll_13
0000a2e2   __mspabi_slll_14
0000a2de   __mspabi_slll_15
0000a312   __mspabi_slll_2
0000a30e   __mspabi_slll_3
0000a30a   __mspabi_slll_4
0000a306   __mspabi_slll_5
0000a302   __mspabi_slll_6
0000a2fe   __mspabi_slll_7
0000a2fa   __mspabi_slll_8
0000a2f6   __mspabi_slll_9
0000a48a   __mspabi_srai
0000a4b2   __mspabi_srai_1
0000a4a0   __mspabi_srai_10
0000a49e   __mspabi_srai_11
0000a49c   __mspabi_srai_12
0000a49a   __mspabi_srai_13
0000a498   __mspabi_srai_14
0000a496   __mspabi_srai_15
0000a4b0   __mspabi_srai_2
0000a4ae   __mspabi_srai_3
0000a4ac   __mspabi_srai_4
0000a4aa   __mspabi_srai_5
0000a4a8   __mspabi_srai_6
0000a4a6   __mspabi_srai_7
0000a4a4   __mspabi_srai_8
0000a4a2   __mspabi_srai_9
0000a2d8   __mspabi_sral_1
0000a2b4   __mspabi_sral_10
0000a2b0   __mspabi_sral_11
0000a2ac   __mspabi_sral_12
0000a2a8   __mspabi_sral_13
0000a2a4   __mspabi_sral_14
0000a2a0   __mspabi_sral_15
0000a2d4   __mspabi_sral_2
0000a2d0   __mspabi_sral_3
0000a2cc   __mspabi_sral_4
0000a2c8   __mspabi_sral_5
0000a2c4   __mspabi_sral_6
0000a2c0   __mspabi_sral_7
0000a2bc   __mspabi_sral_8
0000a2b8   __mspabi_sral_9
0000a1c4   __mspabi_srli
0000a20a   __mspabi_srli_1
0000a1e6   __mspabi_srli_10
0000a1e2   __mspabi_srli_11
0000a1de   __mspabi_srli_12
0000a1da   __mspabi_srli_13
0000a1d6   __mspabi_srli_14
0000a1d2   __mspabi_srli_15
0000a206   __mspabi_srli_2
0000a202   __mspabi_srli_3
0000a1fe   __mspabi_srli_4
0000a1fa   __mspabi_srli_5
0000a1f6   __mspabi_srli_6
0000a1f2   __mspabi_srli_7
0000a1ee   __mspabi_srli_8
0000a1ea   __mspabi_srli_9
0000a64e   __mspabi_srll
0000a1bc   __mspabi_srll_1
0000a186   __mspabi_srll_10
0000a180   __mspabi_srll_11
0000a17a   __mspabi_srll_12
0000a174   __mspabi_srll_13
0000a16e   __mspabi_srll_14
0000a168   __mspabi_srll_15
0000a1b6   __mspabi_srll_2
0000a1b0   __mspabi_srll_3
0000a1aa   __mspabi_srll_4
0000a1a4   __mspabi_srll_5
0000a19e   __mspabi_srll_6
0000a198   __mspabi_srll_7
0000a192   __mspabi_srll_8
0000a18c   __mspabi_srll_9
0000a0ac   _auto_init
0000a5ce   _c_int00
0000a5ce   _c_int00_noexit
0000fffe   _reset_vector
000005b0   _stack
0000a6be   _system_pre_init
0000a6c2   abort
ffffffff   binit
0000a6c6   byu4_image
0000abaa   cs
0000af5e   dice
0000a5e8   doTone
00000206   doubles
00009a6c   drawDie
0000ad8a   dv3
00000210   five
00000202   fives
0000020e   four
0000a3c4   get_switch
00009da0   getrandSeed
0000021c   i2c_fSCL
0000a10a   lcd_WD
0000a210   lcd_WD2
0000a614   lcd_backlight
0000a6a0   lcd_clear
0000a42c   lcd_cursor
000096bc   lcd_init
0000a5b0   lcd_mode
00009006   lcd_point
0000a530   lcd_printf
0000993a   lcd_putchar
00009e3a   lcd_rectangle
0000a45c   lcd_set
0000a3f8   lcd_set_x_y
00009b4c   lcd_wordImage
0000845e   main
0000a660   memcpy
00000208   one
0000af64   px_off
0000af6a   px_on
00009da6   rand16
00009e1e   random
0000021e   rset
00000220   rset2
0000a31c   setCount
00009d9a   setrandSeed
00008b50   showHist
00000212   six
0000aebc   spot_image
0000a692   strlen
00000200   switches
0000020c   three
00000204   time
0000020a   two


GLOBAL SYMBOLS: SORTED BY Symbol Address 

address    name
--------   ----
00000000   IE1
00000001   IE2
00000001   __TI_args_main
00000001   __TI_exit
00000002   IFG1
00000003   IFG2
00000010   P3REN
00000011   P4REN
00000018   P3IN
00000019   P3OUT
0000001a   P3DIR
0000001b   P3SEL
0000001c   P4IN
0000001d   P4OUT
0000001e   P4DIR
0000001f   P4SEL
00000020   P1IN
00000021   P1OUT
00000022   P1DIR
00000023   P1IFG
00000024   P1IES
00000025   P1IE
00000026   P1SEL
00000027   P1REN
00000028   P2IN
00000029   P2OUT
0000002a   P2DIR
0000002b   P2IFG
0000002c   P2IES
0000002d   P2IE
0000002e   P2SEL
0000002f   P2REN
00000048   ADC10DTC0
00000049   ADC10DTC1
0000004a   ADC10AE0
0000004b   ADC10AE1
00000050   __STACK_SIZE
00000053   BCSCTL3
00000056   DCOCTL
00000057   BCSCTL1
00000058   BCSCTL2
0000005d   UCA0ABCTL
0000005e   UCA0IRTCTL
0000005f   UCA0IRRCTL
00000060   UCA0CTL0
00000061   UCA0CTL1
00000062   UCA0BR0
00000063   UCA0BR1
00000064   UCA0MCTL
00000065   UCA0STAT
00000066   UCA0RXBUF
00000067   UCA0TXBUF
00000068   UCB0CTL0
00000069   UCB0CTL1
0000006a   UCB0BR0
0000006b   UCB0BR1
0000006c   UCB0I2CIE
0000006d   UCB0STAT
0000006e   UCB0RXBUF
0000006f   UCB0TXBUF
000000c0   OA0CTL0
000000c1   OA0CTL1
000000c2   OA1CTL0
000000c3   OA1CTL1
00000118   UCB0I2COA
0000011a   UCB0I2CSA
0000011e   TBIV
00000120   WDTCTL
00000128   FCTL1
0000012a   FCTL2
0000012c   FCTL3
0000012e   TAIV
00000160   TACTL
00000162   TACCTL0
00000164   TACCTL1
00000166   TACCTL2
00000170   TAR
00000172   TACCR0
00000174   TACCR1
00000176   TACCR2
00000180   TBCTL
00000182   TBCCTL0
00000184   TBCCTL1
00000186   TBCCTL2
00000190   TBR
00000192   TBCCR0
00000194   TBCCR1
00000196   TBCCR2
000001b0   ADC10CTL0
000001b2   ADC10CTL1
000001b4   ADC10MEM
000001bc   ADC10SA
00000200   switches
00000202   fives
00000204   time
00000206   doubles
00000208   one
0000020a   two
0000020c   three
0000020e   four
00000210   five
00000212   six
00000216   WDT_Delay
00000218   WDT_Sec_Cnt
0000021a   WDT_Tone_Cnt
0000021c   i2c_fSCL
0000021e   rset
00000220   rset2
000005b0   _stack
00000600   __STACK_END
000010f8   CALDCO_16MHZ
000010f9   CALBC1_16MHZ
000010fa   CALDCO_12MHZ
000010fb   CALBC1_12MHZ
000010fc   CALDCO_8MHZ
000010fd   CALBC1_8MHZ
000010fe   CALDCO_1MHZ
000010ff   CALBC1_1MHZ
00008000   __TI_frcdivd
0000845e   main
00008858   __TI_frcmpyd
00008b50   showHist
00008db0   __mspabi_mpyd
00009006   lcd_point
0000924c   __mspabi_divd
000096bc   lcd_init
00009802   __mspabi_cmpd
0000993a   lcd_putchar
00009a6c   drawDie
00009b4c   lcd_wordImage
00009c20   RBX430_init
00009cde   ADC_read
00009d9a   setrandSeed
00009da0   getrandSeed
00009da6   rand16
00009dd4   MPYU
00009df0   DIVU
00009e1e   random
00009e3a   lcd_rectangle
00009ec6   WDT_ISR
00009f50   __mspabi_fixdli
00009fd8   ERROR2
0000a0ac   _auto_init
0000a10a   lcd_WD
0000a168   __mspabi_srll_15
0000a16e   __mspabi_srll_14
0000a174   __mspabi_srll_13
0000a17a   __mspabi_srll_12
0000a180   __mspabi_srll_11
0000a186   __mspabi_srll_10
0000a18c   __mspabi_srll_9
0000a192   __mspabi_srll_8
0000a198   __mspabi_srll_7
0000a19e   __mspabi_srll_6
0000a1a4   __mspabi_srll_5
0000a1aa   __mspabi_srll_4
0000a1b0   __mspabi_srll_3
0000a1b6   __mspabi_srll_2
0000a1bc   __mspabi_srll_1
0000a1c4   __mspabi_srli
0000a1d2   __mspabi_srli_15
0000a1d6   __mspabi_srli_14
0000a1da   __mspabi_srli_13
0000a1de   __mspabi_srli_12
0000a1e2   __mspabi_srli_11
0000a1e6   __mspabi_srli_10
0000a1ea   __mspabi_srli_9
0000a1ee   __mspabi_srli_8
0000a1f2   __mspabi_srli_7
0000a1f6   __mspabi_srli_6
0000a1fa   __mspabi_srli_5
0000a1fe   __mspabi_srli_4
0000a202   __mspabi_srli_3
0000a206   __mspabi_srli_2
0000a20a   __mspabi_srli_1
0000a210   lcd_WD2
0000a2a0   __mspabi_sral_15
0000a2a4   __mspabi_sral_14
0000a2a8   __mspabi_sral_13
0000a2ac   __mspabi_sral_12
0000a2b0   __mspabi_sral_11
0000a2b4   __mspabi_sral_10
0000a2b8   __mspabi_sral_9
0000a2bc   __mspabi_sral_8
0000a2c0   __mspabi_sral_7
0000a2c4   __mspabi_sral_6
0000a2c8   __mspabi_sral_5
0000a2cc   __mspabi_sral_4
0000a2d0   __mspabi_sral_3
0000a2d4   __mspabi_sral_2
0000a2d8   __mspabi_sral_1
0000a2de   __mspabi_slll_15
0000a2e2   __mspabi_slll_14
0000a2e6   __mspabi_slll_13
0000a2ea   __mspabi_slll_12
0000a2ee   __mspabi_slll_11
0000a2f2   __mspabi_slll_10
0000a2f6   __mspabi_slll_9
0000a2fa   __mspabi_slll_8
0000a2fe   __mspabi_slll_7
0000a302   __mspabi_slll_6
0000a306   __mspabi_slll_5
0000a30a   __mspabi_slll_4
0000a30e   __mspabi_slll_3
0000a312   __mspabi_slll_2
0000a316   __mspabi_slll_1
0000a31c   setCount
0000a3c4   get_switch
0000a3f8   lcd_set_x_y
0000a42c   lcd_cursor
0000a45c   lcd_set
0000a48a   __mspabi_srai
0000a496   __mspabi_srai_15
0000a498   __mspabi_srai_14
0000a49a   __mspabi_srai_13
0000a49c   __mspabi_srai_12
0000a49e   __mspabi_srai_11
0000a4a0   __mspabi_srai_10
0000a4a2   __mspabi_srai_9
0000a4a4   __mspabi_srai_8
0000a4a6   __mspabi_srai_7
0000a4a8   __mspabi_srai_6
0000a4aa   __mspabi_srai_5
0000a4ac   __mspabi_srai_4
0000a4ae   __mspabi_srai_3
0000a4b0   __mspabi_srai_2
0000a4b2   __mspabi_srai_1
0000a4b6   __mspabi_slli
0000a4c2   __mspabi_slli_15
0000a4c4   __mspabi_slli_14
0000a4c6   __mspabi_slli_13
0000a4c8   __mspabi_slli_12
0000a4ca   __mspabi_slli_11
0000a4cc   __mspabi_slli_10
0000a4ce   __mspabi_slli_9
0000a4d0   __mspabi_slli_8
0000a4d2   __mspabi_slli_7
0000a4d4   __mspabi_slli_6
0000a4d6   __mspabi_slli_5
0000a4d8   __mspabi_slli_4
0000a4da   __mspabi_slli_3
0000a4dc   __mspabi_slli_2
0000a4de   __mspabi_slli_1
0000a4e2   __mspabi_fixdi
0000a50a   __mspabi_mpyl
0000a530   lcd_printf
0000a5b0   lcd_mode
0000a5ce   _c_int00
0000a5ce   _c_int00_noexit
0000a5e8   doTone
0000a600   __TI_zero_init
0000a614   lcd_backlight
0000a628   __mspabi_mpyi
0000a63c   __TI_decompress_none
0000a64e   __mspabi_srll
0000a660   memcpy
0000a672   WDT_sleep
0000a682   __mspabi_func_epilog_7
0000a684   __mspabi_func_epilog_6
0000a686   __mspabi_func_epilog_5
0000a688   __mspabi_func_epilog_4
0000a68a   __mspabi_func_epilog_3
0000a68c   __mspabi_func_epilog_2
0000a68e   __mspabi_func_epilog_1
0000a692   strlen
0000a6a0   lcd_clear
0000a6aa   ADC10_ISR
0000a6b2   __TI_ISR_TRAP
0000a6b8   __TI_decompress_rle24
0000a6be   _system_pre_init
0000a6c2   C$$EXIT
0000a6c2   abort
0000a6c6   byu4_image
0000abaa   cs
0000ad8a   dv3
0000aebc   spot_image
0000af5e   dice
0000af64   px_off
0000af6a   px_on
0000af7e   __TI_Handler_Table_Base
0000af84   __TI_Handler_Table_Limit
0000af88   __TI_CINIT_Base
0000af90   __TI_CINIT_Limit
0000ffe4   __TI_int02
0000ffe6   __TI_int03
0000ffea   __TI_int05
0000ffec   __TI_int06
0000ffee   __TI_int07
0000fff0   __TI_int08
0000fff2   __TI_int09
0000fff4   __TI_int10
0000fff8   __TI_int12
0000fffa   __TI_int13
0000fffc   __TI_int14
0000fffe   _reset_vector
ffffffff   __binit__
ffffffff   __c_args__
ffffffff   binit
UNDEFED    __TI_INITARRAY_Base
UNDEFED    __TI_INITARRAY_Limit

[300 symbols]
