<?xml version="1.0"?>
<link_info>
   <banner>MSP430 Linker PC v4.2.1</banner>
   <copyright>Copyright (c) 2003-2013 Texas Instruments Incorporated</copyright>
   <link_time>0x52ab6453</link_time>
   <link_errors>0x0</link_errors>
   <output_file>L8aDice.out</output_file>
   <entry_point>
      <name>_c_int00</name>
      <address>0xa5ce</address>
   </entry_point>
   <input_file_list>
      <input_file id="fl-2">
         <path>.\</path>
         <kind>object</kind>
         <file>random.obj</file>
         <name>random.obj</name>
      </input_file>
      <input_file id="fl-3">
         <path>.\</path>
         <kind>object</kind>
         <file>dice.obj</file>
         <name>dice.obj</name>
      </input_file>
      <input_file id="fl-4">
         <path>.\</path>
         <kind>object</kind>
         <file>RBX430_lcd.obj</file>
         <name>RBX430_lcd.obj</name>
      </input_file>
      <input_file id="fl-5">
         <path>.\</path>
         <kind>object</kind>
         <file>RBX430-1.obj</file>
         <name>RBX430-1.obj</name>
      </input_file>
      <input_file id="fl-1f">
         <path>C:\ti\ccsv5\tools\compiler\msp430_4.2.1\lib\</path>
         <kind>archive</kind>
         <file>rts430_eabi.lib</file>
         <name>boot.obj</name>
      </input_file>
      <input_file id="fl-20">
         <path>C:\ti\ccsv5\tools\compiler\msp430_4.2.1\lib\</path>
         <kind>archive</kind>
         <file>rts430_eabi.lib</file>
         <name>cmpd.obj</name>
      </input_file>
      <input_file id="fl-21">
         <path>C:\ti\ccsv5\tools\compiler\msp430_4.2.1\lib\</path>
         <kind>archive</kind>
         <file>rts430_eabi.lib</file>
         <name>copy_decompress_none.obj</name>
      </input_file>
      <input_file id="fl-22">
         <path>C:\ti\ccsv5\tools\compiler\msp430_4.2.1\lib\</path>
         <kind>archive</kind>
         <file>rts430_eabi.lib</file>
         <name>copy_decompress_rle.obj</name>
      </input_file>
      <input_file id="fl-23">
         <path>C:\ti\ccsv5\tools\compiler\msp430_4.2.1\lib\</path>
         <kind>archive</kind>
         <file>rts430_eabi.lib</file>
         <name>copy_zero_init.obj</name>
      </input_file>
      <input_file id="fl-24">
         <path>C:\ti\ccsv5\tools\compiler\msp430_4.2.1\lib\</path>
         <kind>archive</kind>
         <file>rts430_eabi.lib</file>
         <name>divd.obj</name>
      </input_file>
      <input_file id="fl-25">
         <path>C:\ti\ccsv5\tools\compiler\msp430_4.2.1\lib\</path>
         <kind>archive</kind>
         <file>rts430_eabi.lib</file>
         <name>epilog.obj</name>
      </input_file>
      <input_file id="fl-26">
         <path>C:\ti\ccsv5\tools\compiler\msp430_4.2.1\lib\</path>
         <kind>archive</kind>
         <file>rts430_eabi.lib</file>
         <name>exit.obj</name>
      </input_file>
      <input_file id="fl-27">
         <path>C:\ti\ccsv5\tools\compiler\msp430_4.2.1\lib\</path>
         <kind>archive</kind>
         <file>rts430_eabi.lib</file>
         <name>fixdi.obj</name>
      </input_file>
      <input_file id="fl-28">
         <path>C:\ti\ccsv5\tools\compiler\msp430_4.2.1\lib\</path>
         <kind>archive</kind>
         <file>rts430_eabi.lib</file>
         <name>fixdli.obj</name>
      </input_file>
      <input_file id="fl-29">
         <path>C:\ti\ccsv5\tools\compiler\msp430_4.2.1\lib\</path>
         <kind>archive</kind>
         <file>rts430_eabi.lib</file>
         <name>frcdivd.obj</name>
      </input_file>
      <input_file id="fl-2a">
         <path>C:\ti\ccsv5\tools\compiler\msp430_4.2.1\lib\</path>
         <kind>archive</kind>
         <file>rts430_eabi.lib</file>
         <name>int02.obj</name>
      </input_file>
      <input_file id="fl-2b">
         <path>C:\ti\ccsv5\tools\compiler\msp430_4.2.1\lib\</path>
         <kind>archive</kind>
         <file>rts430_eabi.lib</file>
         <name>int03.obj</name>
      </input_file>
      <input_file id="fl-2c">
         <path>C:\ti\ccsv5\tools\compiler\msp430_4.2.1\lib\</path>
         <kind>archive</kind>
         <file>rts430_eabi.lib</file>
         <name>int06.obj</name>
      </input_file>
      <input_file id="fl-2d">
         <path>C:\ti\ccsv5\tools\compiler\msp430_4.2.1\lib\</path>
         <kind>archive</kind>
         <file>rts430_eabi.lib</file>
         <name>int07.obj</name>
      </input_file>
      <input_file id="fl-2e">
         <path>C:\ti\ccsv5\tools\compiler\msp430_4.2.1\lib\</path>
         <kind>archive</kind>
         <file>rts430_eabi.lib</file>
         <name>int08.obj</name>
      </input_file>
      <input_file id="fl-2f">
         <path>C:\ti\ccsv5\tools\compiler\msp430_4.2.1\lib\</path>
         <kind>archive</kind>
         <file>rts430_eabi.lib</file>
         <name>int09.obj</name>
      </input_file>
      <input_file id="fl-30">
         <path>C:\ti\ccsv5\tools\compiler\msp430_4.2.1\lib\</path>
         <kind>archive</kind>
         <file>rts430_eabi.lib</file>
         <name>int12.obj</name>
      </input_file>
      <input_file id="fl-31">
         <path>C:\ti\ccsv5\tools\compiler\msp430_4.2.1\lib\</path>
         <kind>archive</kind>
         <file>rts430_eabi.lib</file>
         <name>int13.obj</name>
      </input_file>
      <input_file id="fl-32">
         <path>C:\ti\ccsv5\tools\compiler\msp430_4.2.1\lib\</path>
         <kind>archive</kind>
         <file>rts430_eabi.lib</file>
         <name>int14.obj</name>
      </input_file>
      <input_file id="fl-33">
         <path>C:\ti\ccsv5\tools\compiler\msp430_4.2.1\lib\</path>
         <kind>archive</kind>
         <file>rts430_eabi.lib</file>
         <name>isr_trap.obj</name>
      </input_file>
      <input_file id="fl-34">
         <path>C:\ti\ccsv5\tools\compiler\msp430_4.2.1\lib\</path>
         <kind>archive</kind>
         <file>rts430_eabi.lib</file>
         <name>lsl16.obj</name>
      </input_file>
      <input_file id="fl-35">
         <path>C:\ti\ccsv5\tools\compiler\msp430_4.2.1\lib\</path>
         <kind>archive</kind>
         <file>rts430_eabi.lib</file>
         <name>lsl32.obj</name>
      </input_file>
      <input_file id="fl-36">
         <path>C:\ti\ccsv5\tools\compiler\msp430_4.2.1\lib\</path>
         <kind>archive</kind>
         <file>rts430_eabi.lib</file>
         <name>lsr16.obj</name>
      </input_file>
      <input_file id="fl-37">
         <path>C:\ti\ccsv5\tools\compiler\msp430_4.2.1\lib\</path>
         <kind>archive</kind>
         <file>rts430_eabi.lib</file>
         <name>lsr32.obj</name>
      </input_file>
      <input_file id="fl-38">
         <path>C:\ti\ccsv5\tools\compiler\msp430_4.2.1\lib\</path>
         <kind>archive</kind>
         <file>rts430_eabi.lib</file>
         <name>memcpy.obj</name>
      </input_file>
      <input_file id="fl-39">
         <path>C:\ti\ccsv5\tools\compiler\msp430_4.2.1\lib\</path>
         <kind>archive</kind>
         <file>rts430_eabi.lib</file>
         <name>mpyd.obj</name>
      </input_file>
      <input_file id="fl-3a">
         <path>C:\ti\ccsv5\tools\compiler\msp430_4.2.1\lib\</path>
         <kind>archive</kind>
         <file>rts430_eabi.lib</file>
         <name>mult16.obj</name>
      </input_file>
      <input_file id="fl-3b">
         <path>C:\ti\ccsv5\tools\compiler\msp430_4.2.1\lib\</path>
         <kind>archive</kind>
         <file>rts430_eabi.lib</file>
         <name>mult32.obj</name>
      </input_file>
      <input_file id="fl-3c">
         <path>C:\ti\ccsv5\tools\compiler\msp430_4.2.1\lib\</path>
         <kind>archive</kind>
         <file>rts430_eabi.lib</file>
         <name>pre_init.obj</name>
      </input_file>
      <input_file id="fl-3d">
         <path>C:\ti\ccsv5\tools\compiler\msp430_4.2.1\lib\</path>
         <kind>archive</kind>
         <file>rts430_eabi.lib</file>
         <name>strlen.obj</name>
      </input_file>
      <input_file id="fl-3e">
         <path>C:\ti\ccsv5\tools\compiler\msp430_4.2.1\lib\</path>
         <kind>archive</kind>
         <file>rts430_eabi.lib</file>
         <name>_lock.obj</name>
      </input_file>
      <input_file id="fl-3f">
         <path>C:\ti\ccsv5\tools\compiler\msp430_4.2.1\lib\</path>
         <kind>archive</kind>
         <file>rts430_eabi.lib</file>
         <name>args_main.obj</name>
      </input_file>
      <input_file id="fl-40">
         <path>C:\ti\ccsv5\tools\compiler\msp430_4.2.1\lib\</path>
         <kind>archive</kind>
         <file>rts430_eabi.lib</file>
         <name>asr16.obj</name>
      </input_file>
      <input_file id="fl-41">
         <path>C:\ti\ccsv5\tools\compiler\msp430_4.2.1\lib\</path>
         <kind>archive</kind>
         <file>rts430_eabi.lib</file>
         <name>asr32.obj</name>
      </input_file>
      <input_file id="fl-42">
         <path>C:\ti\ccsv5\tools\compiler\msp430_4.2.1\lib\</path>
         <kind>archive</kind>
         <file>rts430_eabi.lib</file>
         <name>autoinit.obj</name>
      </input_file>
      <input_file id="fl-43">
         <path>C:\ti\ccsv5\tools\compiler\msp430_4.2.1\lib\</path>
         <kind>archive</kind>
         <file>rts430_eabi.lib</file>
         <name>frcmpyd.obj</name>
      </input_file>
   </input_file_list>
   <object_component_list>
      <object_component id="oc-4c">
         <name>.stack</name>
         <uninitialized>true</uninitialized>
         <run_address>0x5b0</run_address>
         <size>0x2</size>
         <input_file_ref idref="fl-1f"/>
      </object_component>
      <object_component id="oc-2b0">
         <name>.stack</name>
         <uninitialized>true</uninitialized>
         <run_address>0x5b0</run_address>
         <size>0x0</size>
      </object_component>
      <object_component id="oc-1cd">
         <name>.text:__TI_frcdivd</name>
         <load_address>0x8000</load_address>
         <run_address>0x8000</run_address>
         <size>0x45e</size>
         <input_file_ref idref="fl-29"/>
      </object_component>
      <object_component id="oc-67">
         <name>.text:main</name>
         <load_address>0x845e</load_address>
         <run_address>0x845e</run_address>
         <size>0x3fa</size>
         <input_file_ref idref="fl-3"/>
      </object_component>
      <object_component id="oc-1c2">
         <name>.text:__TI_frcmpyd</name>
         <load_address>0x8858</load_address>
         <run_address>0x8858</run_address>
         <size>0x2f8</size>
         <input_file_ref idref="fl-43"/>
      </object_component>
      <object_component id="oc-aa">
         <name>.text:showHist</name>
         <load_address>0x8b50</load_address>
         <run_address>0x8b50</run_address>
         <size>0x260</size>
         <input_file_ref idref="fl-3"/>
      </object_component>
      <object_component id="oc-117">
         <name>.text:__mspabi_mpyd</name>
         <load_address>0x8db0</load_address>
         <run_address>0x8db0</run_address>
         <size>0x256</size>
         <input_file_ref idref="fl-39"/>
      </object_component>
      <object_component id="oc-19d">
         <name>.text:lcd_point</name>
         <load_address>0x9006</load_address>
         <run_address>0x9006</run_address>
         <size>0x246</size>
         <input_file_ref idref="fl-4"/>
      </object_component>
      <object_component id="oc-11c">
         <name>.text:__mspabi_divd</name>
         <load_address>0x924c</load_address>
         <run_address>0x924c</run_address>
         <size>0x238</size>
         <input_file_ref idref="fl-24"/>
      </object_component>
      <object_component id="oc-17d">
         <name>.text:my_printfi</name>
         <load_address>0x9484</load_address>
         <run_address>0x9484</run_address>
         <size>0x238</size>
         <input_file_ref idref="fl-4"/>
      </object_component>
      <object_component id="oc-be">
         <name>.text:lcd_init</name>
         <load_address>0x96bc</load_address>
         <run_address>0x96bc</run_address>
         <size>0x146</size>
         <input_file_ref idref="fl-4"/>
      </object_component>
      <object_component id="oc-f8">
         <name>.text:__mspabi_cmpd</name>
         <load_address>0x9802</load_address>
         <run_address>0x9802</run_address>
         <size>0x138</size>
         <input_file_ref idref="fl-20"/>
      </object_component>
      <object_component id="oc-178">
         <name>.text:lcd_putchar</name>
         <load_address>0x993a</load_address>
         <run_address>0x993a</run_address>
         <size>0x132</size>
         <input_file_ref idref="fl-4"/>
      </object_component>
      <object_component id="oc-107">
         <name>.text:drawDie</name>
         <load_address>0x9a6c</load_address>
         <run_address>0x9a6c</run_address>
         <size>0xe0</size>
         <input_file_ref idref="fl-3"/>
      </object_component>
      <object_component id="oc-ee">
         <name>.text:lcd_wordImage</name>
         <load_address>0x9b4c</load_address>
         <run_address>0x9b4c</run_address>
         <size>0xd4</size>
         <input_file_ref idref="fl-4"/>
      </object_component>
      <object_component id="oc-b9">
         <name>.text:RBX430_init</name>
         <load_address>0x9c20</load_address>
         <run_address>0x9c20</run_address>
         <size>0xbe</size>
         <input_file_ref idref="fl-5"/>
      </object_component>
      <object_component id="oc-e5">
         <name>.text:ADC_read</name>
         <load_address>0x9cde</load_address>
         <run_address>0x9cde</run_address>
         <size>0xbc</size>
         <input_file_ref idref="fl-5"/>
      </object_component>
      <object_component id="oc-fe">
         <name>.text</name>
         <load_address>0x9d9a</load_address>
         <run_address>0x9d9a</run_address>
         <size>0xa0</size>
         <input_file_ref idref="fl-2"/>
      </object_component>
      <object_component id="oc-f3">
         <name>.text:lcd_rectangle</name>
         <load_address>0x9e3a</load_address>
         <run_address>0x9e3a</run_address>
         <size>0x8c</size>
         <input_file_ref idref="fl-4"/>
      </object_component>
      <object_component id="oc-58">
         <name>.text:WDT_ISR</name>
         <load_address>0x9ec6</load_address>
         <run_address>0x9ec6</run_address>
         <size>0x8a</size>
         <input_file_ref idref="fl-3"/>
      </object_component>
      <object_component id="oc-1b4">
         <name>.text:__mspabi_fixdli</name>
         <load_address>0x9f50</load_address>
         <run_address>0x9f50</run_address>
         <size>0x88</size>
         <input_file_ref idref="fl-28"/>
      </object_component>
      <object_component id="oc-c3">
         <name>.text:ERROR2</name>
         <load_address>0x9fd8</load_address>
         <run_address>0x9fd8</run_address>
         <size>0x76</size>
         <input_file_ref idref="fl-5"/>
      </object_component>
      <object_component id="oc-85">
         <name>.text:__TI_decompress_rle_core</name>
         <load_address>0xa04e</load_address>
         <run_address>0xa04e</run_address>
         <size>0x5e</size>
         <input_file_ref idref="fl-22"/>
      </object_component>
      <object_component id="oc-62">
         <name>.text:_auto_init</name>
         <load_address>0xa0ac</load_address>
         <run_address>0xa0ac</run_address>
         <size>0x5e</size>
         <input_file_ref idref="fl-42"/>
      </object_component>
      <object_component id="oc-1eb">
         <name>.text:lcd_WD</name>
         <load_address>0xa10a</load_address>
         <run_address>0xa10a</run_address>
         <size>0x5e</size>
         <input_file_ref idref="fl-4"/>
      </object_component>
      <object_component id="oc-236">
         <name>.text:l_lsr_const</name>
         <load_address>0xa168</load_address>
         <run_address>0xa168</run_address>
         <size>0x5c</size>
         <input_file_ref idref="fl-37"/>
      </object_component>
      <object_component id="oc-1c9">
         <name>.text</name>
         <load_address>0xa1c4</load_address>
         <run_address>0xa1c4</run_address>
         <size>0x4c</size>
         <input_file_ref idref="fl-36"/>
      </object_component>
      <object_component id="oc-1f1">
         <name>.text:lcd_WD2</name>
         <load_address>0xa210</load_address>
         <run_address>0xa210</run_address>
         <size>0x4a</size>
         <input_file_ref idref="fl-4"/>
      </object_component>
      <object_component id="oc-154">
         <name>.text:DelayMs</name>
         <load_address>0xa25a</load_address>
         <run_address>0xa25a</run_address>
         <size>0x46</size>
         <input_file_ref idref="fl-4"/>
      </object_component>
      <object_component id="oc-23e">
         <name>.text:l_asr_const</name>
         <load_address>0xa2a0</load_address>
         <run_address>0xa2a0</run_address>
         <size>0x3e</size>
         <input_file_ref idref="fl-41"/>
      </object_component>
      <object_component id="oc-22d">
         <name>.text:l_lsl_const</name>
         <load_address>0xa2de</load_address>
         <run_address>0xa2de</run_address>
         <size>0x3e</size>
         <input_file_ref idref="fl-35"/>
      </object_component>
      <object_component id="oc-121">
         <name>.text:setCount</name>
         <load_address>0xa31c</load_address>
         <run_address>0xa31c</run_address>
         <size>0x3c</size>
         <input_file_ref idref="fl-3"/>
      </object_component>
      <object_component id="oc-21d">
         <name>.text:ReadDataWord</name>
         <load_address>0xa358</load_address>
         <run_address>0xa358</run_address>
         <size>0x38</size>
         <input_file_ref idref="fl-4"/>
      </object_component>
      <object_component id="oc-197">
         <name>.text:WriteDataWord</name>
         <load_address>0xa390</load_address>
         <run_address>0xa390</run_address>
         <size>0x34</size>
         <input_file_ref idref="fl-4"/>
      </object_component>
      <object_component id="oc-e0">
         <name>.text:get_switch</name>
         <load_address>0xa3c4</load_address>
         <run_address>0xa3c4</run_address>
         <size>0x34</size>
         <input_file_ref idref="fl-3"/>
      </object_component>
      <object_component id="oc-192">
         <name>.text:lcd_set_x_y</name>
         <load_address>0xa3f8</load_address>
         <run_address>0xa3f8</run_address>
         <size>0x34</size>
         <input_file_ref idref="fl-4"/>
      </object_component>
      <object_component id="oc-d5">
         <name>.text:lcd_cursor</name>
         <load_address>0xa42c</load_address>
         <run_address>0xa42c</run_address>
         <size>0x30</size>
         <input_file_ref idref="fl-4"/>
      </object_component>
      <object_component id="oc-169">
         <name>.text:lcd_set</name>
         <load_address>0xa45c</load_address>
         <run_address>0xa45c</run_address>
         <size>0x2e</size>
         <input_file_ref idref="fl-4"/>
      </object_component>
      <object_component id="oc-1be">
         <name>.text</name>
         <load_address>0xa48a</load_address>
         <run_address>0xa48a</run_address>
         <size>0x2c</size>
         <input_file_ref idref="fl-40"/>
      </object_component>
      <object_component id="oc-18b">
         <name>.text</name>
         <load_address>0xa4b6</load_address>
         <run_address>0xa4b6</run_address>
         <size>0x2c</size>
         <input_file_ref idref="fl-34"/>
      </object_component>
      <object_component id="oc-10d">
         <name>.text:__mspabi_fixdi</name>
         <load_address>0xa4e2</load_address>
         <run_address>0xa4e2</run_address>
         <size>0x28</size>
         <input_file_ref idref="fl-27"/>
      </object_component>
      <object_component id="oc-23a">
         <name>.text</name>
         <load_address>0xa50a</load_address>
         <run_address>0xa50a</run_address>
         <size>0x26</size>
         <input_file_ref idref="fl-3b"/>
      </object_component>
      <object_component id="oc-db">
         <name>.text:lcd_printf</name>
         <load_address>0xa530</load_address>
         <run_address>0xa530</run_address>
         <size>0x24</size>
         <input_file_ref idref="fl-4"/>
      </object_component>
      <object_component id="oc-218">
         <name>.text:ReadData</name>
         <load_address>0xa554</load_address>
         <run_address>0xa554</run_address>
         <size>0x20</size>
         <input_file_ref idref="fl-4"/>
      </object_component>
      <object_component id="oc-159">
         <name>.text:WriteCmd</name>
         <load_address>0xa574</load_address>
         <run_address>0xa574</run_address>
         <size>0x1e</size>
         <input_file_ref idref="fl-4"/>
      </object_component>
      <object_component id="oc-15e">
         <name>.text:WriteData</name>
         <load_address>0xa592</load_address>
         <run_address>0xa592</run_address>
         <size>0x1e</size>
         <input_file_ref idref="fl-4"/>
      </object_component>
      <object_component id="oc-d0">
         <name>.text:lcd_mode</name>
         <load_address>0xa5b0</load_address>
         <run_address>0xa5b0</run_address>
         <size>0x1e</size>
         <input_file_ref idref="fl-4"/>
      </object_component>
      <object_component id="oc-38">
         <name>.text:_c_int00_noexit</name>
         <load_address>0xa5ce</load_address>
         <run_address>0xa5ce</run_address>
         <size>0x1a</size>
         <input_file_ref idref="fl-1f"/>
      </object_component>
      <object_component id="oc-102">
         <name>.text:doTone</name>
         <load_address>0xa5e8</load_address>
         <run_address>0xa5e8</run_address>
         <size>0x18</size>
         <input_file_ref idref="fl-3"/>
      </object_component>
      <object_component id="oc-42">
         <name>.text:decompress:ZI:__TI_zero_init</name>
         <load_address>0xa600</load_address>
         <run_address>0xa600</run_address>
         <size>0x14</size>
         <input_file_ref idref="fl-23"/>
      </object_component>
      <object_component id="oc-a3">
         <name>.text:lcd_backlight</name>
         <load_address>0xa614</load_address>
         <run_address>0xa614</run_address>
         <size>0x14</size>
         <input_file_ref idref="fl-4"/>
      </object_component>
      <object_component id="oc-20e">
         <name>.text</name>
         <load_address>0xa628</load_address>
         <run_address>0xa628</run_address>
         <size>0x14</size>
         <input_file_ref idref="fl-3a"/>
      </object_component>
      <object_component id="oc-3d">
         <name>.text:decompress:none:__TI_decompress_none</name>
         <load_address>0xa63c</load_address>
         <run_address>0xa63c</run_address>
         <size>0x12</size>
         <input_file_ref idref="fl-21"/>
      </object_component>
      <object_component id="oc-203">
         <name>.text:l_lsr</name>
         <load_address>0xa64e</load_address>
         <run_address>0xa64e</run_address>
         <size>0x12</size>
         <input_file_ref idref="fl-37"/>
      </object_component>
      <object_component id="oc-72">
         <name>.text:memcpy</name>
         <load_address>0xa660</load_address>
         <run_address>0xa660</run_address>
         <size>0x12</size>
         <input_file_ref idref="fl-38"/>
      </object_component>
      <object_component id="oc-112">
         <name>.text:WDT_sleep</name>
         <load_address>0xa672</load_address>
         <run_address>0xa672</run_address>
         <size>0x10</size>
         <input_file_ref idref="fl-3"/>
      </object_component>
      <object_component id="oc-b3">
         <name>.text</name>
         <load_address>0xa682</load_address>
         <run_address>0xa682</run_address>
         <size>0x10</size>
         <input_file_ref idref="fl-25"/>
      </object_component>
      <object_component id="oc-209">
         <name>.text:strlen</name>
         <load_address>0xa692</load_address>
         <run_address>0xa692</run_address>
         <size>0xe</size>
         <input_file_ref idref="fl-3d"/>
      </object_component>
      <object_component id="oc-cb">
         <name>.text:lcd_clear</name>
         <load_address>0xa6a0</load_address>
         <run_address>0xa6a0</run_address>
         <size>0xa</size>
         <input_file_ref idref="fl-4"/>
      </object_component>
      <object_component id="oc-53">
         <name>.text:ADC10_ISR</name>
         <load_address>0xa6aa</load_address>
         <run_address>0xa6aa</run_address>
         <size>0x8</size>
         <input_file_ref idref="fl-5"/>
      </object_component>
      <object_component id="oc-4f">
         <name>.text:__TI_ISR_TRAP</name>
         <load_address>0xa6b2</load_address>
         <run_address>0xa6b2</run_address>
         <size>0x6</size>
         <input_file_ref idref="fl-33"/>
      </object_component>
      <object_component id="oc-47">
         <name>.text:decompress:rle24:__TI_decompress_rle24</name>
         <load_address>0xa6b8</load_address>
         <run_address>0xa6b8</run_address>
         <size>0x6</size>
         <input_file_ref idref="fl-22"/>
      </object_component>
      <object_component id="oc-5d">
         <name>.text:_system_pre_init</name>
         <load_address>0xa6be</load_address>
         <run_address>0xa6be</run_address>
         <size>0x4</size>
         <input_file_ref idref="fl-3c"/>
      </object_component>
      <object_component id="oc-6c">
         <name>.text:abort</name>
         <load_address>0xa6c2</load_address>
         <run_address>0xa6c2</run_address>
         <size>0x4</size>
         <input_file_ref idref="fl-26"/>
      </object_component>
      <object_component id="oc-2af">
         <name>.cinit..data.load</name>
         <load_address>0xaf70</load_address>
         <run_address>0xaf70</run_address>
         <size>0xd</size>
      </object_component>
      <object_component id="oc-2ac">
         <name>__TI_handler_table</name>
         <load_address>0xaf7e</load_address>
         <run_address>0xaf7e</run_address>
         <size>0x6</size>
      </object_component>
      <object_component id="oc-2ae">
         <name>.cinit..bss.load</name>
         <load_address>0xaf84</load_address>
         <run_address>0xaf84</run_address>
         <size>0x4</size>
      </object_component>
      <object_component id="oc-2ad">
         <name>__TI_cinit_table</name>
         <load_address>0xaf88</load_address>
         <run_address>0xaf88</run_address>
         <size>0x8</size>
      </object_component>
      <object_component id="oc-ec">
         <name>.const:byu4_image</name>
         <load_address>0xa6c6</load_address>
         <run_address>0xa6c6</run_address>
         <size>0x4e4</size>
         <input_file_ref idref="fl-3"/>
      </object_component>
      <object_component id="oc-1e9">
         <name>.const:cs</name>
         <load_address>0xabaa</load_address>
         <run_address>0xabaa</run_address>
         <size>0x1e0</size>
         <input_file_ref idref="fl-4"/>
      </object_component>
      <object_component id="oc-214">
         <name>.const:.string:dv3</name>
         <load_address>0xad8a</load_address>
         <run_address>0xad8a</run_address>
         <size>0xa2</size>
         <input_file_ref idref="fl-4"/>
      </object_component>
      <object_component id="oc-da">
         <name>.const:.string</name>
         <load_address>0xae2c</load_address>
         <run_address>0xae2c</run_address>
         <size>0x90</size>
         <input_file_ref idref="fl-3"/>
      </object_component>
      <object_component id="oc-1b1">
         <name>.const:spot_image</name>
         <load_address>0xaebc</load_address>
         <run_address>0xaebc</run_address>
         <size>0x52</size>
         <input_file_ref idref="fl-3"/>
      </object_component>
      <object_component id="oc-202">
         <name>.const:dv$3</name>
         <load_address>0xaf0e</load_address>
         <run_address>0xaf0e</run_address>
         <size>0x2c</size>
         <input_file_ref idref="fl-4"/>
      </object_component>
      <object_component id="oc-207">
         <name>.const:.string:lHexChar$1</name>
         <load_address>0xaf3a</load_address>
         <run_address>0xaf3a</run_address>
         <size>0x11</size>
         <input_file_ref idref="fl-4"/>
      </object_component>
      <object_component id="oc-208">
         <name>.const:.string:uHexChar$2</name>
         <load_address>0xaf4c</load_address>
         <run_address>0xaf4c</run_address>
         <size>0x11</size>
         <input_file_ref idref="fl-4"/>
      </object_component>
      <object_component id="oc-1af">
         <name>.const:.string:dice</name>
         <load_address>0xaf5e</load_address>
         <run_address>0xaf5e</run_address>
         <size>0x6</size>
         <input_file_ref idref="fl-3"/>
      </object_component>
      <object_component id="oc-222">
         <name>.const:px_off</name>
         <load_address>0xaf64</load_address>
         <run_address>0xaf64</run_address>
         <size>0x6</size>
         <input_file_ref idref="fl-4"/>
      </object_component>
      <object_component id="oc-224">
         <name>.const:px_on</name>
         <load_address>0xaf6a</load_address>
         <run_address>0xaf6a</run_address>
         <size>0x6</size>
         <input_file_ref idref="fl-4"/>
      </object_component>
      <object_component id="oc-2d">
         <name>.int02</name>
         <load_address>0xffe4</load_address>
         <run_address>0xffe4</run_address>
         <size>0x2</size>
         <input_file_ref idref="fl-2a"/>
      </object_component>
      <object_component id="oc-2e">
         <name>.int03</name>
         <load_address>0xffe6</load_address>
         <run_address>0xffe6</run_address>
         <size>0x2</size>
         <input_file_ref idref="fl-2b"/>
      </object_component>
      <object_component id="oc-2f">
         <name>.int05</name>
         <load_address>0xffea</load_address>
         <run_address>0xffea</run_address>
         <size>0x2</size>
         <input_file_ref idref="fl-5"/>
      </object_component>
      <object_component id="oc-30">
         <name>.int06</name>
         <load_address>0xffec</load_address>
         <run_address>0xffec</run_address>
         <size>0x2</size>
         <input_file_ref idref="fl-2c"/>
      </object_component>
      <object_component id="oc-31">
         <name>.int07</name>
         <load_address>0xffee</load_address>
         <run_address>0xffee</run_address>
         <size>0x2</size>
         <input_file_ref idref="fl-2d"/>
      </object_component>
      <object_component id="oc-32">
         <name>.int08</name>
         <load_address>0xfff0</load_address>
         <run_address>0xfff0</run_address>
         <size>0x2</size>
         <input_file_ref idref="fl-2e"/>
      </object_component>
      <object_component id="oc-33">
         <name>.int09</name>
         <load_address>0xfff2</load_address>
         <run_address>0xfff2</run_address>
         <size>0x2</size>
         <input_file_ref idref="fl-2f"/>
      </object_component>
      <object_component id="oc-34">
         <name>.int10</name>
         <load_address>0xfff4</load_address>
         <run_address>0xfff4</run_address>
         <size>0x2</size>
         <input_file_ref idref="fl-3"/>
      </object_component>
      <object_component id="oc-35">
         <name>.int12</name>
         <load_address>0xfff8</load_address>
         <run_address>0xfff8</run_address>
         <size>0x2</size>
         <input_file_ref idref="fl-30"/>
      </object_component>
      <object_component id="oc-36">
         <name>.int13</name>
         <load_address>0xfffa</load_address>
         <run_address>0xfffa</run_address>
         <size>0x2</size>
         <input_file_ref idref="fl-31"/>
      </object_component>
      <object_component id="oc-37">
         <name>.int14</name>
         <load_address>0xfffc</load_address>
         <run_address>0xfffc</run_address>
         <size>0x2</size>
         <input_file_ref idref="fl-32"/>
      </object_component>
      <object_component id="oc-4e">
         <name>.reset</name>
         <load_address>0xfffe</load_address>
         <run_address>0xfffe</run_address>
         <size>0x2</size>
         <input_file_ref idref="fl-1f"/>
      </object_component>
      <object_component id="oc-1aa">
         <name>.bss</name>
         <uninitialized>true</uninitialized>
         <run_address>0x214</run_address>
         <size>0x2</size>
         <input_file_ref idref="fl-2"/>
      </object_component>
      <object_component id="oc-c8">
         <name>.common:WDT_Sec_Cnt</name>
         <uninitialized>true</uninitialized>
         <run_address>0x218</run_address>
         <size>0x2</size>
      </object_component>
      <object_component id="oc-1bc">
         <name>.common:WDT_Delay</name>
         <uninitialized>true</uninitialized>
         <run_address>0x216</run_address>
         <size>0x2</size>
      </object_component>
      <object_component id="oc-1ad">
         <name>.common:WDT_Tone_Cnt</name>
         <uninitialized>true</uninitialized>
         <run_address>0x21a</run_address>
         <size>0x2</size>
      </object_component>
      <object_component id="oc-fd">
         <name>.common:rset</name>
         <uninitialized>true</uninitialized>
         <run_address>0x21e</run_address>
         <size>0x2</size>
      </object_component>
      <object_component id="oc-10c">
         <name>.common:rset2</name>
         <uninitialized>true</uninitialized>
         <run_address>0x220</run_address>
         <size>0x2</size>
      </object_component>
      <object_component id="oc-24f">
         <name>.common:lcd_dmode</name>
         <uninitialized>true</uninitialized>
         <run_address>0x223</run_address>
         <size>0x1</size>
      </object_component>
      <object_component id="oc-25d">
         <name>.common:lcd_y</name>
         <uninitialized>true</uninitialized>
         <run_address>0x225</run_address>
         <size>0x1</size>
      </object_component>
      <object_component id="oc-25c">
         <name>.common:lcd_x</name>
         <uninitialized>true</uninitialized>
         <run_address>0x224</run_address>
         <size>0x1</size>
      </object_component>
      <object_component id="oc-201">
         <name>.common:char_cnt</name>
         <uninitialized>true</uninitialized>
         <run_address>0x222</run_address>
         <size>0x1</size>
      </object_component>
      <object_component id="oc-152">
         <name>.common:i2c_fSCL</name>
         <uninitialized>true</uninitialized>
         <run_address>0x21c</run_address>
         <size>0x2</size>
      </object_component>
      <object_component id="oc-a8">
         <name>.data</name>
         <load_address>0x200</load_address>
         <run_address>0x200</run_address>
         <size>0x14</size>
         <input_file_ref idref="fl-3"/>
      </object_component>
      <object_component id="oc-39">
         <name>.debug_info</name>
         <load_address>0x0</load_address>
         <run_address>0x0</run_address>
         <size>0x125</size>
         <input_file_ref idref="fl-1f"/>
      </object_component>
      <object_component id="oc-3e">
         <name>.debug_info</name>
         <load_address>0x125</load_address>
         <run_address>0x125</run_address>
         <size>0x194</size>
         <input_file_ref idref="fl-21"/>
      </object_component>
      <object_component id="oc-44">
         <name>.debug_info</name>
         <load_address>0x2b9</load_address>
         <run_address>0x2b9</run_address>
         <size>0x16a</size>
         <input_file_ref idref="fl-23"/>
      </object_component>
      <object_component id="oc-48">
         <name>.debug_info</name>
         <load_address>0x423</load_address>
         <run_address>0x423</run_address>
         <size>0x18e</size>
         <input_file_ref idref="fl-22"/>
      </object_component>
      <object_component id="oc-4d">
         <name>.debug_info</name>
         <load_address>0x5b1</load_address>
         <run_address>0x5b1</run_address>
         <size>0xaa</size>
         <input_file_ref idref="fl-1f"/>
      </object_component>
      <object_component id="oc-51">
         <name>.debug_info</name>
         <load_address>0x65b</load_address>
         <run_address>0x65b</run_address>
         <size>0xc2</size>
         <input_file_ref idref="fl-33"/>
      </object_component>
      <object_component id="oc-54">
         <name>.debug_info</name>
         <load_address>0x71d</load_address>
         <run_address>0x71d</run_address>
         <size>0x114</size>
         <input_file_ref idref="fl-5"/>
      </object_component>
      <object_component id="oc-59">
         <name>.debug_info</name>
         <load_address>0x831</load_address>
         <run_address>0x831</run_address>
         <size>0x152</size>
         <input_file_ref idref="fl-3"/>
      </object_component>
      <object_component id="oc-61">
         <name>.debug_info</name>
         <load_address>0x983</load_address>
         <run_address>0x983</run_address>
         <size>0xfd</size>
         <input_file_ref idref="fl-3c"/>
      </object_component>
      <object_component id="oc-64">
         <name>.debug_info</name>
         <load_address>0xa80</load_address>
         <run_address>0xa80</run_address>
         <size>0x14d</size>
         <input_file_ref idref="fl-42"/>
      </object_component>
      <object_component id="oc-68">
         <name>.debug_info</name>
         <load_address>0xbcd</load_address>
         <run_address>0xbcd</run_address>
         <size>0x5ec</size>
         <input_file_ref idref="fl-3"/>
      </object_component>
      <object_component id="oc-6d">
         <name>.debug_info</name>
         <load_address>0x11b9</load_address>
         <run_address>0x11b9</run_address>
         <size>0xcc</size>
         <input_file_ref idref="fl-26"/>
      </object_component>
      <object_component id="oc-76">
         <name>.debug_info</name>
         <load_address>0x1285</load_address>
         <run_address>0x1285</run_address>
         <size>0x157</size>
         <input_file_ref idref="fl-38"/>
      </object_component>
      <object_component id="oc-78">
         <name>.debug_info</name>
         <load_address>0x13dc</load_address>
         <run_address>0x13dc</run_address>
         <size>0x46</size>
         <input_file_ref idref="fl-21"/>
      </object_component>
      <object_component id="oc-7d">
         <name>.debug_info</name>
         <load_address>0x1422</load_address>
         <run_address>0x1422</run_address>
         <size>0x164</size>
         <input_file_ref idref="fl-21"/>
      </object_component>
      <object_component id="oc-7f">
         <name>.debug_info</name>
         <load_address>0x1586</load_address>
         <run_address>0x1586</run_address>
         <size>0x46</size>
         <input_file_ref idref="fl-23"/>
      </object_component>
      <object_component id="oc-84">
         <name>.debug_info</name>
         <load_address>0x15cc</load_address>
         <run_address>0x15cc</run_address>
         <size>0x11f</size>
         <input_file_ref idref="fl-23"/>
      </object_component>
      <object_component id="oc-86">
         <name>.debug_info</name>
         <load_address>0x16eb</load_address>
         <run_address>0x16eb</run_address>
         <size>0x1e9</size>
         <input_file_ref idref="fl-22"/>
      </object_component>
      <object_component id="oc-8b">
         <name>.debug_info</name>
         <load_address>0x18d4</load_address>
         <run_address>0x18d4</run_address>
         <size>0x129</size>
         <input_file_ref idref="fl-22"/>
      </object_component>
      <object_component id="oc-8c">
         <name>.debug_info</name>
         <load_address>0x19fd</load_address>
         <run_address>0x19fd</run_address>
         <size>0x39</size>
         <input_file_ref idref="fl-22"/>
      </object_component>
      <object_component id="oc-93">
         <name>.debug_info</name>
         <load_address>0x1a36</load_address>
         <run_address>0x1a36</run_address>
         <size>0x84</size>
         <input_file_ref idref="fl-3"/>
      </object_component>
      <object_component id="oc-9b">
         <name>.debug_info</name>
         <load_address>0x1aba</load_address>
         <run_address>0x1aba</run_address>
         <size>0x5ef</size>
         <input_file_ref idref="fl-3"/>
      </object_component>
      <object_component id="oc-a4">
         <name>.debug_info</name>
         <load_address>0x20a9</load_address>
         <run_address>0x20a9</run_address>
         <size>0x15a</size>
         <input_file_ref idref="fl-4"/>
      </object_component>
      <object_component id="oc-a9">
         <name>.debug_info</name>
         <load_address>0x2203</load_address>
         <run_address>0x2203</run_address>
         <size>0x1c0</size>
         <input_file_ref idref="fl-3"/>
      </object_component>
      <object_component id="oc-ac">
         <name>.debug_info</name>
         <load_address>0x23c3</load_address>
         <run_address>0x23c3</run_address>
         <size>0x366</size>
         <input_file_ref idref="fl-3"/>
      </object_component>
      <object_component id="oc-b5">
         <name>.debug_info</name>
         <load_address>0x2729</load_address>
         <run_address>0x2729</run_address>
         <size>0xe1</size>
         <input_file_ref idref="fl-25"/>
      </object_component>
      <object_component id="oc-b8">
         <name>.debug_info</name>
         <load_address>0x280a</load_address>
         <run_address>0x280a</run_address>
         <size>0x2ba</size>
         <input_file_ref idref="fl-42"/>
      </object_component>
      <object_component id="oc-ba">
         <name>.debug_info</name>
         <load_address>0x2ac4</load_address>
         <run_address>0x2ac4</run_address>
         <size>0x13b</size>
         <input_file_ref idref="fl-5"/>
      </object_component>
      <object_component id="oc-bf">
         <name>.debug_info</name>
         <load_address>0x2bff</load_address>
         <run_address>0x2bff</run_address>
         <size>0x35d</size>
         <input_file_ref idref="fl-4"/>
      </object_component>
      <object_component id="oc-c4">
         <name>.debug_info</name>
         <load_address>0x2f5c</load_address>
         <run_address>0x2f5c</run_address>
         <size>0x15b</size>
         <input_file_ref idref="fl-5"/>
      </object_component>
      <object_component id="oc-cc">
         <name>.debug_info</name>
         <load_address>0x30b7</load_address>
         <run_address>0x30b7</run_address>
         <size>0x12a</size>
         <input_file_ref idref="fl-4"/>
      </object_component>
      <object_component id="oc-d1">
         <name>.debug_info</name>
         <load_address>0x31e1</load_address>
         <run_address>0x31e1</run_address>
         <size>0x140</size>
         <input_file_ref idref="fl-4"/>
      </object_component>
      <object_component id="oc-d6">
         <name>.debug_info</name>
         <load_address>0x3321</load_address>
         <run_address>0x3321</run_address>
         <size>0x14e</size>
         <input_file_ref idref="fl-4"/>
      </object_component>
      <object_component id="oc-dc">
         <name>.debug_info</name>
         <load_address>0x346f</load_address>
         <run_address>0x346f</run_address>
         <size>0x199</size>
         <input_file_ref idref="fl-4"/>
      </object_component>
      <object_component id="oc-e1">
         <name>.debug_info</name>
         <load_address>0x3608</load_address>
         <run_address>0x3608</run_address>
         <size>0x166</size>
         <input_file_ref idref="fl-3"/>
      </object_component>
      <object_component id="oc-e8">
         <name>.debug_info</name>
         <load_address>0x376e</load_address>
         <run_address>0x376e</run_address>
         <size>0x193</size>
         <input_file_ref idref="fl-5"/>
      </object_component>
      <object_component id="oc-ed">
         <name>.debug_info</name>
         <load_address>0x3901</load_address>
         <run_address>0x3901</run_address>
         <size>0xdf</size>
         <input_file_ref idref="fl-3"/>
      </object_component>
      <object_component id="oc-ef">
         <name>.debug_info</name>
         <load_address>0x39e0</load_address>
         <run_address>0x39e0</run_address>
         <size>0x298</size>
         <input_file_ref idref="fl-4"/>
      </object_component>
      <object_component id="oc-f4">
         <name>.debug_info</name>
         <load_address>0x3c78</load_address>
         <run_address>0x3c78</run_address>
         <size>0x1fb</size>
         <input_file_ref idref="fl-4"/>
      </object_component>
      <object_component id="oc-fa">
         <name>.debug_info</name>
         <load_address>0x3e73</load_address>
         <run_address>0x3e73</run_address>
         <size>0x199</size>
         <input_file_ref idref="fl-20"/>
      </object_component>
      <object_component id="oc-ff">
         <name>.debug_info</name>
         <load_address>0x400c</load_address>
         <run_address>0x400c</run_address>
         <size>0x142</size>
         <input_file_ref idref="fl-2"/>
      </object_component>
      <object_component id="oc-104">
         <name>.debug_info</name>
         <load_address>0x414e</load_address>
         <run_address>0x414e</run_address>
         <size>0x148</size>
         <input_file_ref idref="fl-3"/>
      </object_component>
      <object_component id="oc-108">
         <name>.debug_info</name>
         <load_address>0x4296</load_address>
         <run_address>0x4296</run_address>
         <size>0x241</size>
         <input_file_ref idref="fl-3"/>
      </object_component>
      <object_component id="oc-10e">
         <name>.debug_info</name>
         <load_address>0x44d7</load_address>
         <run_address>0x44d7</run_address>
         <size>0x13c</size>
         <input_file_ref idref="fl-27"/>
      </object_component>
      <object_component id="oc-113">
         <name>.debug_info</name>
         <load_address>0x4613</load_address>
         <run_address>0x4613</run_address>
         <size>0x130</size>
         <input_file_ref idref="fl-3"/>
      </object_component>
      <object_component id="oc-118">
         <name>.debug_info</name>
         <load_address>0x4743</load_address>
         <run_address>0x4743</run_address>
         <size>0x29f</size>
         <input_file_ref idref="fl-39"/>
      </object_component>
      <object_component id="oc-11d">
         <name>.debug_info</name>
         <load_address>0x49e2</load_address>
         <run_address>0x49e2</run_address>
         <size>0x24e</size>
         <input_file_ref idref="fl-24"/>
      </object_component>
      <object_component id="oc-122">
         <name>.debug_info</name>
         <load_address>0x4c30</load_address>
         <run_address>0x4c30</run_address>
         <size>0x126</size>
         <input_file_ref idref="fl-3"/>
      </object_component>
      <object_component id="oc-127">
         <name>.debug_info</name>
         <load_address>0x4d56</load_address>
         <run_address>0x4d56</run_address>
         <size>0x134</size>
         <input_file_ref idref="fl-3"/>
      </object_component>
      <object_component id="oc-12e">
         <name>.debug_info</name>
         <load_address>0x4e8a</load_address>
         <run_address>0x4e8a</run_address>
         <size>0x127</size>
         <input_file_ref idref="fl-38"/>
      </object_component>
      <object_component id="oc-12f">
         <name>.debug_info</name>
         <load_address>0x4fb1</load_address>
         <run_address>0x4fb1</run_address>
         <size>0x2c</size>
         <input_file_ref idref="fl-23"/>
      </object_component>
      <object_component id="oc-134">
         <name>.debug_info</name>
         <load_address>0x4fdd</load_address>
         <run_address>0x4fdd</run_address>
         <size>0x2c</size>
         <input_file_ref idref="fl-21"/>
      </object_component>
      <object_component id="oc-149">
         <name>.debug_info</name>
         <load_address>0x5009</load_address>
         <run_address>0x5009</run_address>
         <size>0x39</size>
         <input_file_ref idref="fl-42"/>
      </object_component>
      <object_component id="oc-14f">
         <name>.debug_info</name>
         <load_address>0x5042</load_address>
         <run_address>0x5042</run_address>
         <size>0x56d</size>
         <input_file_ref idref="fl-5"/>
      </object_component>
      <object_component id="oc-155">
         <name>.debug_info</name>
         <load_address>0x55af</load_address>
         <run_address>0x55af</run_address>
         <size>0x191</size>
         <input_file_ref idref="fl-4"/>
      </object_component>
      <object_component id="oc-15a">
         <name>.debug_info</name>
         <load_address>0x5740</load_address>
         <run_address>0x5740</run_address>
         <size>0x12c</size>
         <input_file_ref idref="fl-4"/>
      </object_component>
      <object_component id="oc-15f">
         <name>.debug_info</name>
         <load_address>0x586c</load_address>
         <run_address>0x586c</run_address>
         <size>0x12e</size>
         <input_file_ref idref="fl-4"/>
      </object_component>
      <object_component id="oc-164">
         <name>.debug_info</name>
         <load_address>0x599a</load_address>
         <run_address>0x599a</run_address>
         <size>0x403</size>
         <input_file_ref idref="fl-4"/>
      </object_component>
      <object_component id="oc-16a">
         <name>.debug_info</name>
         <load_address>0x5d9d</load_address>
         <run_address>0x5d9d</run_address>
         <size>0x17e</size>
         <input_file_ref idref="fl-4"/>
      </object_component>
      <object_component id="oc-179">
         <name>.debug_info</name>
         <load_address>0x5f1b</load_address>
         <run_address>0x5f1b</run_address>
         <size>0x1e4</size>
         <input_file_ref idref="fl-4"/>
      </object_component>
      <object_component id="oc-17e">
         <name>.debug_info</name>
         <load_address>0x60ff</load_address>
         <run_address>0x60ff</run_address>
         <size>0x346</size>
         <input_file_ref idref="fl-4"/>
      </object_component>
      <object_component id="oc-185">
         <name>.debug_info</name>
         <load_address>0x6445</load_address>
         <run_address>0x6445</run_address>
         <size>0x2c</size>
         <input_file_ref idref="fl-3"/>
      </object_component>
      <object_component id="oc-18c">
         <name>.debug_info</name>
         <load_address>0x6471</load_address>
         <run_address>0x6471</run_address>
         <size>0xd3</size>
         <input_file_ref idref="fl-34"/>
      </object_component>
      <object_component id="oc-193">
         <name>.debug_info</name>
         <load_address>0x6544</load_address>
         <run_address>0x6544</run_address>
         <size>0x1aa</size>
         <input_file_ref idref="fl-4"/>
      </object_component>
      <object_component id="oc-198">
         <name>.debug_info</name>
         <load_address>0x66ee</load_address>
         <run_address>0x66ee</run_address>
         <size>0x142</size>
         <input_file_ref idref="fl-4"/>
      </object_component>
      <object_component id="oc-19e">
         <name>.debug_info</name>
         <load_address>0x6830</load_address>
         <run_address>0x6830</run_address>
         <size>0x3bd</size>
         <input_file_ref idref="fl-4"/>
      </object_component>
      <object_component id="oc-1a4">
         <name>.debug_info</name>
         <load_address>0x6bed</load_address>
         <run_address>0x6bed</run_address>
         <size>0x104</size>
         <input_file_ref idref="fl-20"/>
      </object_component>
      <object_component id="oc-1a5">
         <name>.debug_info</name>
         <load_address>0x6cf1</load_address>
         <run_address>0x6cf1</run_address>
         <size>0x94</size>
         <input_file_ref idref="fl-20"/>
      </object_component>
      <object_component id="oc-1b0">
         <name>.debug_info</name>
         <load_address>0x6d85</load_address>
         <run_address>0x6d85</run_address>
         <size>0xd4</size>
         <input_file_ref idref="fl-3"/>
      </object_component>
      <object_component id="oc-1b2">
         <name>.debug_info</name>
         <load_address>0x6e59</load_address>
         <run_address>0x6e59</run_address>
         <size>0xdf</size>
         <input_file_ref idref="fl-3"/>
      </object_component>
      <object_component id="oc-1b6">
         <name>.debug_info</name>
         <load_address>0x6f38</load_address>
         <run_address>0x6f38</run_address>
         <size>0x1b4</size>
         <input_file_ref idref="fl-28"/>
      </object_component>
      <object_component id="oc-1ba">
         <name>.debug_info</name>
         <load_address>0x70ec</load_address>
         <run_address>0x70ec</run_address>
         <size>0x105</size>
         <input_file_ref idref="fl-27"/>
      </object_component>
      <object_component id="oc-1bf">
         <name>.debug_info</name>
         <load_address>0x71f1</load_address>
         <run_address>0x71f1</run_address>
         <size>0xd3</size>
         <input_file_ref idref="fl-40"/>
      </object_component>
      <object_component id="oc-1c4">
         <name>.debug_info</name>
         <load_address>0x72c4</load_address>
         <run_address>0x72c4</run_address>
         <size>0x37b</size>
         <input_file_ref idref="fl-43"/>
      </object_component>
      <object_component id="oc-1c8">
         <name>.debug_info</name>
         <load_address>0x763f</load_address>
         <run_address>0x763f</run_address>
         <size>0x142</size>
         <input_file_ref idref="fl-39"/>
      </object_component>
      <object_component id="oc-1cb">
         <name>.debug_info</name>
         <load_address>0x7781</load_address>
         <run_address>0x7781</run_address>
         <size>0xd3</size>
         <input_file_ref idref="fl-36"/>
      </object_component>
      <object_component id="oc-1ce">
         <name>.debug_info</name>
         <load_address>0x7854</load_address>
         <run_address>0x7854</run_address>
         <size>0x5a2</size>
         <input_file_ref idref="fl-29"/>
      </object_component>
      <object_component id="oc-1d3">
         <name>.debug_info</name>
         <load_address>0x7df6</load_address>
         <run_address>0x7df6</run_address>
         <size>0x142</size>
         <input_file_ref idref="fl-24"/>
      </object_component>
      <object_component id="oc-1de">
         <name>.debug_info</name>
         <load_address>0x7f38</load_address>
         <run_address>0x7f38</run_address>
         <size>0xc8</size>
         <input_file_ref idref="fl-4"/>
      </object_component>
      <object_component id="oc-1ea">
         <name>.debug_info</name>
         <load_address>0x8000</load_address>
         <run_address>0x8000</run_address>
         <size>0xd6</size>
         <input_file_ref idref="fl-4"/>
      </object_component>
      <object_component id="oc-1ec">
         <name>.debug_info</name>
         <load_address>0x80d6</load_address>
         <run_address>0x80d6</run_address>
         <size>0x16c</size>
         <input_file_ref idref="fl-4"/>
      </object_component>
      <object_component id="oc-1f2">
         <name>.debug_info</name>
         <load_address>0x8242</load_address>
         <run_address>0x8242</run_address>
         <size>0x171</size>
         <input_file_ref idref="fl-4"/>
      </object_component>
      <object_component id="oc-205">
         <name>.debug_info</name>
         <load_address>0x83b3</load_address>
         <run_address>0x83b3</run_address>
         <size>0xd3</size>
         <input_file_ref idref="fl-37"/>
      </object_component>
      <object_component id="oc-20c">
         <name>.debug_info</name>
         <load_address>0x8486</load_address>
         <run_address>0x8486</run_address>
         <size>0x153</size>
         <input_file_ref idref="fl-3d"/>
      </object_component>
      <object_component id="oc-210">
         <name>.debug_info</name>
         <load_address>0x85d9</load_address>
         <run_address>0x85d9</run_address>
         <size>0xd4</size>
         <input_file_ref idref="fl-3a"/>
      </object_component>
      <object_component id="oc-215">
         <name>.debug_info</name>
         <load_address>0x86ad</load_address>
         <run_address>0x86ad</run_address>
         <size>0xd8</size>
         <input_file_ref idref="fl-4"/>
      </object_component>
      <object_component id="oc-219">
         <name>.debug_info</name>
         <load_address>0x8785</load_address>
         <run_address>0x8785</run_address>
         <size>0x11a</size>
         <input_file_ref idref="fl-4"/>
      </object_component>
      <object_component id="oc-21e">
         <name>.debug_info</name>
         <load_address>0x889f</load_address>
         <run_address>0x889f</run_address>
         <size>0x133</size>
         <input_file_ref idref="fl-4"/>
      </object_component>
      <object_component id="oc-223">
         <name>.debug_info</name>
         <load_address>0x89d2</load_address>
         <run_address>0x89d2</run_address>
         <size>0xde</size>
         <input_file_ref idref="fl-4"/>
      </object_component>
      <object_component id="oc-225">
         <name>.debug_info</name>
         <load_address>0x8ab0</load_address>
         <run_address>0x8ab0</run_address>
         <size>0xdc</size>
         <input_file_ref idref="fl-4"/>
      </object_component>
      <object_component id="oc-230">
         <name>.debug_info</name>
         <load_address>0x8b8c</load_address>
         <run_address>0x8b8c</run_address>
         <size>0xd9</size>
         <input_file_ref idref="fl-35"/>
      </object_component>
      <object_component id="oc-232">
         <name>.debug_info</name>
         <load_address>0x8c65</load_address>
         <run_address>0x8c65</run_address>
         <size>0x106</size>
         <input_file_ref idref="fl-28"/>
      </object_component>
      <object_component id="oc-237">
         <name>.debug_info</name>
         <load_address>0x8d6b</load_address>
         <run_address>0x8d6b</run_address>
         <size>0xd9</size>
         <input_file_ref idref="fl-37"/>
      </object_component>
      <object_component id="oc-23d">
         <name>.debug_info</name>
         <load_address>0x8e44</load_address>
         <run_address>0x8e44</run_address>
         <size>0xd4</size>
         <input_file_ref idref="fl-3b"/>
      </object_component>
      <object_component id="oc-240">
         <name>.debug_info</name>
         <load_address>0x8f18</load_address>
         <run_address>0x8f18</run_address>
         <size>0xd9</size>
         <input_file_ref idref="fl-41"/>
      </object_component>
      <object_component id="oc-243">
         <name>.debug_info</name>
         <load_address>0x8ff1</load_address>
         <run_address>0x8ff1</run_address>
         <size>0x129</size>
         <input_file_ref idref="fl-43"/>
      </object_component>
      <object_component id="oc-248">
         <name>.debug_info</name>
         <load_address>0x911a</load_address>
         <run_address>0x911a</run_address>
         <size>0x10d</size>
         <input_file_ref idref="fl-29"/>
      </object_component>
      <object_component id="oc-261">
         <name>.debug_info</name>
         <load_address>0x9227</load_address>
         <run_address>0x9227</run_address>
         <size>0x111</size>
         <input_file_ref idref="fl-3d"/>
      </object_component>
      <object_component id="oc-2b1">
         <name>.debug_info</name>
         <load_address>0x9338</load_address>
         <run_address>0x9338</run_address>
         <size>0xb1</size>
      </object_component>
      <object_component id="oc-3a">
         <name>.debug_frame</name>
         <load_address>0x0</load_address>
         <run_address>0x0</run_address>
         <size>0x42</size>
         <input_file_ref idref="fl-1f"/>
      </object_component>
      <object_component id="oc-3f">
         <name>.debug_frame</name>
         <load_address>0x42</load_address>
         <run_address>0x42</run_address>
         <size>0x47</size>
         <input_file_ref idref="fl-21"/>
      </object_component>
      <object_component id="oc-45">
         <name>.debug_frame</name>
         <load_address>0x89</load_address>
         <run_address>0x89</run_address>
         <size>0x47</size>
         <input_file_ref idref="fl-23"/>
      </object_component>
      <object_component id="oc-4b">
         <name>.debug_frame</name>
         <load_address>0xd0</load_address>
         <run_address>0xd0</run_address>
         <size>0x47</size>
         <input_file_ref idref="fl-22"/>
      </object_component>
      <object_component id="oc-56">
         <name>.debug_frame</name>
         <load_address>0x117</load_address>
         <run_address>0x117</run_address>
         <size>0x47</size>
         <input_file_ref idref="fl-5"/>
      </object_component>
      <object_component id="oc-5b">
         <name>.debug_frame</name>
         <load_address>0x15e</load_address>
         <run_address>0x15e</run_address>
         <size>0x74</size>
         <input_file_ref idref="fl-3"/>
      </object_component>
      <object_component id="oc-5e">
         <name>.debug_frame</name>
         <load_address>0x1d2</load_address>
         <run_address>0x1d2</run_address>
         <size>0x47</size>
         <input_file_ref idref="fl-3c"/>
      </object_component>
      <object_component id="oc-65">
         <name>.debug_frame</name>
         <load_address>0x219</load_address>
         <run_address>0x219</run_address>
         <size>0x51</size>
         <input_file_ref idref="fl-42"/>
      </object_component>
      <object_component id="oc-6a">
         <name>.debug_frame</name>
         <load_address>0x26a</load_address>
         <run_address>0x26a</run_address>
         <size>0x6f</size>
         <input_file_ref idref="fl-3"/>
      </object_component>
      <object_component id="oc-6f">
         <name>.debug_frame</name>
         <load_address>0x2d9</load_address>
         <run_address>0x2d9</run_address>
         <size>0x47</size>
         <input_file_ref idref="fl-26"/>
      </object_component>
      <object_component id="oc-74">
         <name>.debug_frame</name>
         <load_address>0x320</load_address>
         <run_address>0x320</run_address>
         <size>0x47</size>
         <input_file_ref idref="fl-38"/>
      </object_component>
      <object_component id="oc-89">
         <name>.debug_frame</name>
         <load_address>0x367</load_address>
         <run_address>0x367</run_address>
         <size>0x51</size>
         <input_file_ref idref="fl-22"/>
      </object_component>
      <object_component id="oc-a6">
         <name>.debug_frame</name>
         <load_address>0x3b8</load_address>
         <run_address>0x3b8</run_address>
         <size>0x47</size>
         <input_file_ref idref="fl-4"/>
      </object_component>
      <object_component id="oc-ad">
         <name>.debug_frame</name>
         <load_address>0x3ff</load_address>
         <run_address>0x3ff</run_address>
         <size>0x4f</size>
         <input_file_ref idref="fl-3"/>
      </object_component>
      <object_component id="oc-bb">
         <name>.debug_frame</name>
         <load_address>0x44e</load_address>
         <run_address>0x44e</run_address>
         <size>0x48</size>
         <input_file_ref idref="fl-5"/>
      </object_component>
      <object_component id="oc-c1">
         <name>.debug_frame</name>
         <load_address>0x496</load_address>
         <run_address>0x496</run_address>
         <size>0x51</size>
         <input_file_ref idref="fl-4"/>
      </object_component>
      <object_component id="oc-c5">
         <name>.debug_frame</name>
         <load_address>0x4e7</load_address>
         <run_address>0x4e7</run_address>
         <size>0x50</size>
         <input_file_ref idref="fl-5"/>
      </object_component>
      <object_component id="oc-ce">
         <name>.debug_frame</name>
         <load_address>0x537</load_address>
         <run_address>0x537</run_address>
         <size>0x47</size>
         <input_file_ref idref="fl-4"/>
      </object_component>
      <object_component id="oc-d3">
         <name>.debug_frame</name>
         <load_address>0x57e</load_address>
         <run_address>0x57e</run_address>
         <size>0x47</size>
         <input_file_ref idref="fl-4"/>
      </object_component>
      <object_component id="oc-d8">
         <name>.debug_frame</name>
         <load_address>0x5c5</load_address>
         <run_address>0x5c5</run_address>
         <size>0x47</size>
         <input_file_ref idref="fl-4"/>
      </object_component>
      <object_component id="oc-de">
         <name>.debug_frame</name>
         <load_address>0x60c</load_address>
         <run_address>0x60c</run_address>
         <size>0x50</size>
         <input_file_ref idref="fl-4"/>
      </object_component>
      <object_component id="oc-e3">
         <name>.debug_frame</name>
         <load_address>0x65c</load_address>
         <run_address>0x65c</run_address>
         <size>0x47</size>
         <input_file_ref idref="fl-3"/>
      </object_component>
      <object_component id="oc-e7">
         <name>.debug_frame</name>
         <load_address>0x6a3</load_address>
         <run_address>0x6a3</run_address>
         <size>0x48</size>
         <input_file_ref idref="fl-5"/>
      </object_component>
      <object_component id="oc-f1">
         <name>.debug_frame</name>
         <load_address>0x6eb</load_address>
         <run_address>0x6eb</run_address>
         <size>0x6b</size>
         <input_file_ref idref="fl-4"/>
      </object_component>
      <object_component id="oc-f6">
         <name>.debug_frame</name>
         <load_address>0x756</load_address>
         <run_address>0x756</run_address>
         <size>0x70</size>
         <input_file_ref idref="fl-4"/>
      </object_component>
      <object_component id="oc-fb">
         <name>.debug_frame</name>
         <load_address>0x7c6</load_address>
         <run_address>0x7c6</run_address>
         <size>0x5d</size>
         <input_file_ref idref="fl-20"/>
      </object_component>
      <object_component id="oc-105">
         <name>.debug_frame</name>
         <load_address>0x823</load_address>
         <run_address>0x823</run_address>
         <size>0x47</size>
         <input_file_ref idref="fl-3"/>
      </object_component>
      <object_component id="oc-109">
         <name>.debug_frame</name>
         <load_address>0x86a</load_address>
         <run_address>0x86a</run_address>
         <size>0x6b</size>
         <input_file_ref idref="fl-3"/>
      </object_component>
      <object_component id="oc-110">
         <name>.debug_frame</name>
         <load_address>0x8d5</load_address>
         <run_address>0x8d5</run_address>
         <size>0x47</size>
         <input_file_ref idref="fl-27"/>
      </object_component>
      <object_component id="oc-114">
         <name>.debug_frame</name>
         <load_address>0x91c</load_address>
         <run_address>0x91c</run_address>
         <size>0x47</size>
         <input_file_ref idref="fl-3"/>
      </object_component>
      <object_component id="oc-11b">
         <name>.debug_frame</name>
         <load_address>0x963</load_address>
         <run_address>0x963</run_address>
         <size>0x85</size>
         <input_file_ref idref="fl-39"/>
      </object_component>
      <object_component id="oc-11e">
         <name>.debug_frame</name>
         <load_address>0x9e8</load_address>
         <run_address>0x9e8</run_address>
         <size>0x72</size>
         <input_file_ref idref="fl-24"/>
      </object_component>
      <object_component id="oc-124">
         <name>.debug_frame</name>
         <load_address>0xa5a</load_address>
         <run_address>0xa5a</run_address>
         <size>0x47</size>
         <input_file_ref idref="fl-3"/>
      </object_component>
      <object_component id="oc-157">
         <name>.debug_frame</name>
         <load_address>0xaa1</load_address>
         <run_address>0xaa1</run_address>
         <size>0x4d</size>
         <input_file_ref idref="fl-4"/>
      </object_component>
      <object_component id="oc-15c">
         <name>.debug_frame</name>
         <load_address>0xaee</load_address>
         <run_address>0xaee</run_address>
         <size>0x47</size>
         <input_file_ref idref="fl-4"/>
      </object_component>
      <object_component id="oc-161">
         <name>.debug_frame</name>
         <load_address>0xb35</load_address>
         <run_address>0xb35</run_address>
         <size>0x47</size>
         <input_file_ref idref="fl-4"/>
      </object_component>
      <object_component id="oc-16c">
         <name>.debug_frame</name>
         <load_address>0xb7c</load_address>
         <run_address>0xb7c</run_address>
         <size>0x47</size>
         <input_file_ref idref="fl-4"/>
      </object_component>
      <object_component id="oc-17b">
         <name>.debug_frame</name>
         <load_address>0xbc3</load_address>
         <run_address>0xbc3</run_address>
         <size>0x5c</size>
         <input_file_ref idref="fl-4"/>
      </object_component>
      <object_component id="oc-180">
         <name>.debug_frame</name>
         <load_address>0xc1f</load_address>
         <run_address>0xc1f</run_address>
         <size>0x72</size>
         <input_file_ref idref="fl-4"/>
      </object_component>
      <object_component id="oc-195">
         <name>.debug_frame</name>
         <load_address>0xc91</load_address>
         <run_address>0xc91</run_address>
         <size>0x47</size>
         <input_file_ref idref="fl-4"/>
      </object_component>
      <object_component id="oc-19a">
         <name>.debug_frame</name>
         <load_address>0xcd8</load_address>
         <run_address>0xcd8</run_address>
         <size>0x47</size>
         <input_file_ref idref="fl-4"/>
      </object_component>
      <object_component id="oc-1a0">
         <name>.debug_frame</name>
         <load_address>0xd1f</load_address>
         <run_address>0xd1f</run_address>
         <size>0x6c</size>
         <input_file_ref idref="fl-4"/>
      </object_component>
      <object_component id="oc-1b8">
         <name>.debug_frame</name>
         <load_address>0xd8b</load_address>
         <run_address>0xd8b</run_address>
         <size>0x4e</size>
         <input_file_ref idref="fl-28"/>
      </object_component>
      <object_component id="oc-1c3">
         <name>.debug_frame</name>
         <load_address>0xdd9</load_address>
         <run_address>0xdd9</run_address>
         <size>0x98</size>
         <input_file_ref idref="fl-43"/>
      </object_component>
      <object_component id="oc-1d0">
         <name>.debug_frame</name>
         <load_address>0xe71</load_address>
         <run_address>0xe71</run_address>
         <size>0x85</size>
         <input_file_ref idref="fl-29"/>
      </object_component>
      <object_component id="oc-1ee">
         <name>.debug_frame</name>
         <load_address>0xef6</load_address>
         <run_address>0xef6</run_address>
         <size>0x56</size>
         <input_file_ref idref="fl-4"/>
      </object_component>
      <object_component id="oc-1f4">
         <name>.debug_frame</name>
         <load_address>0xf4c</load_address>
         <run_address>0xf4c</run_address>
         <size>0x51</size>
         <input_file_ref idref="fl-4"/>
      </object_component>
      <object_component id="oc-20b">
         <name>.debug_frame</name>
         <load_address>0xf9d</load_address>
         <run_address>0xf9d</run_address>
         <size>0x47</size>
         <input_file_ref idref="fl-3d"/>
      </object_component>
      <object_component id="oc-21b">
         <name>.debug_frame</name>
         <load_address>0xfe4</load_address>
         <run_address>0xfe4</run_address>
         <size>0x47</size>
         <input_file_ref idref="fl-4"/>
      </object_component>
      <object_component id="oc-220">
         <name>.debug_frame</name>
         <load_address>0x102b</load_address>
         <run_address>0x102b</run_address>
         <size>0x47</size>
         <input_file_ref idref="fl-4"/>
      </object_component>
      <object_component id="oc-3b">
         <name>.debug_line</name>
         <load_address>0x0</load_address>
         <run_address>0x0</run_address>
         <size>0x44</size>
         <input_file_ref idref="fl-1f"/>
      </object_component>
      <object_component id="oc-40">
         <name>.debug_line</name>
         <load_address>0x44</load_address>
         <run_address>0x44</run_address>
         <size>0x50</size>
         <input_file_ref idref="fl-21"/>
      </object_component>
      <object_component id="oc-43">
         <name>.debug_line</name>
         <load_address>0x94</load_address>
         <run_address>0x94</run_address>
         <size>0x4a</size>
         <input_file_ref idref="fl-23"/>
      </object_component>
      <object_component id="oc-49">
         <name>.debug_line</name>
         <load_address>0xde</load_address>
         <run_address>0xde</run_address>
         <size>0x49</size>
         <input_file_ref idref="fl-22"/>
      </object_component>
      <object_component id="oc-52">
         <name>.debug_line</name>
         <load_address>0x127</load_address>
         <run_address>0x127</run_address>
         <size>0x3c</size>
         <input_file_ref idref="fl-33"/>
      </object_component>
      <object_component id="oc-55">
         <name>.debug_line</name>
         <load_address>0x163</load_address>
         <run_address>0x163</run_address>
         <size>0x47</size>
         <input_file_ref idref="fl-5"/>
      </object_component>
      <object_component id="oc-5a">
         <name>.debug_line</name>
         <load_address>0x1aa</load_address>
         <run_address>0x1aa</run_address>
         <size>0x63</size>
         <input_file_ref idref="fl-3"/>
      </object_component>
      <object_component id="oc-5f">
         <name>.debug_line</name>
         <load_address>0x20d</load_address>
         <run_address>0x20d</run_address>
         <size>0x3e</size>
         <input_file_ref idref="fl-3c"/>
      </object_component>
      <object_component id="oc-63">
         <name>.debug_line</name>
         <load_address>0x24b</load_address>
         <run_address>0x24b</run_address>
         <size>0x6b</size>
         <input_file_ref idref="fl-42"/>
      </object_component>
      <object_component id="oc-69">
         <name>.debug_line</name>
         <load_address>0x2b6</load_address>
         <run_address>0x2b6</run_address>
         <size>0x11f</size>
         <input_file_ref idref="fl-3"/>
      </object_component>
      <object_component id="oc-6e">
         <name>.debug_line</name>
         <load_address>0x3d5</load_address>
         <run_address>0x3d5</run_address>
         <size>0x3a</size>
         <input_file_ref idref="fl-26"/>
      </object_component>
      <object_component id="oc-75">
         <name>.debug_line</name>
         <load_address>0x40f</load_address>
         <run_address>0x40f</run_address>
         <size>0x45</size>
         <input_file_ref idref="fl-38"/>
      </object_component>
      <object_component id="oc-7a">
         <name>.debug_line</name>
         <load_address>0x454</load_address>
         <run_address>0x454</run_address>
         <size>0x3a</size>
         <input_file_ref idref="fl-21"/>
      </object_component>
      <object_component id="oc-81">
         <name>.debug_line</name>
         <load_address>0x48e</load_address>
         <run_address>0x48e</run_address>
         <size>0x34</size>
         <input_file_ref idref="fl-23"/>
      </object_component>
      <object_component id="oc-87">
         <name>.debug_line</name>
         <load_address>0x4c2</load_address>
         <run_address>0x4c2</run_address>
         <size>0x80</size>
         <input_file_ref idref="fl-22"/>
      </object_component>
      <object_component id="oc-8e">
         <name>.debug_line</name>
         <load_address>0x542</load_address>
         <run_address>0x542</run_address>
         <size>0x39</size>
         <input_file_ref idref="fl-22"/>
      </object_component>
      <object_component id="oc-92">
         <name>.debug_line</name>
         <load_address>0x57b</load_address>
         <run_address>0x57b</run_address>
         <size>0x2a</size>
         <input_file_ref idref="fl-1f"/>
      </object_component>
      <object_component id="oc-95">
         <name>.debug_line</name>
         <load_address>0x5a5</load_address>
         <run_address>0x5a5</run_address>
         <size>0x20</size>
         <input_file_ref idref="fl-3"/>
      </object_component>
      <object_component id="oc-a5">
         <name>.debug_line</name>
         <load_address>0x5c5</load_address>
         <run_address>0x5c5</run_address>
         <size>0x4d</size>
         <input_file_ref idref="fl-4"/>
      </object_component>
      <object_component id="oc-ab">
         <name>.debug_line</name>
         <load_address>0x612</load_address>
         <run_address>0x612</run_address>
         <size>0x6e</size>
         <input_file_ref idref="fl-3"/>
      </object_component>
      <object_component id="oc-b4">
         <name>.debug_line</name>
         <load_address>0x680</load_address>
         <run_address>0x680</run_address>
         <size>0x40</size>
         <input_file_ref idref="fl-25"/>
      </object_component>
      <object_component id="oc-bc">
         <name>.debug_line</name>
         <load_address>0x6c0</load_address>
         <run_address>0x6c0</run_address>
         <size>0x7c</size>
         <input_file_ref idref="fl-5"/>
      </object_component>
[...]
         <object_component_ref idref="oc-b3"/>
      </symbol>
      <symbol id="sm-364">
         <name>__mspabi_func_epilog_5</name>
         <value>0xa686</value>
         <object_component_ref idref="oc-b3"/>
      </symbol>
      <symbol id="sm-36d">
         <name>C$$EXIT</name>
         <value>0xa6c2</value>
         <object_component_ref idref="oc-6c"/>
      </symbol>
      <symbol id="sm-36e">
         <name>abort</name>
         <value>0xa6c2</value>
         <object_component_ref idref="oc-6c"/>
      </symbol>
      <symbol id="sm-37d">
         <name>__mspabi_fixdi</name>
         <value>0xa4e2</value>
         <object_component_ref idref="oc-10d"/>
      </symbol>
      <symbol id="sm-38e">
         <name>__mspabi_fixdli</name>
         <value>0x9f50</value>
         <object_component_ref idref="oc-1b4"/>
      </symbol>
      <symbol id="sm-3a8">
         <name>__TI_frcdivd</name>
         <value>0x8000</value>
         <object_component_ref idref="oc-1cd"/>
      </symbol>
      <symbol id="sm-3ab">
         <name>__TI_int02</name>
         <value>0xffe4</value>
         <object_component_ref idref="oc-2d"/>
      </symbol>
      <symbol id="sm-3ae">
         <name>__TI_int03</name>
         <value>0xffe6</value>
         <object_component_ref idref="oc-2e"/>
      </symbol>
      <symbol id="sm-3b1">
         <name>__TI_int06</name>
         <value>0xffec</value>
         <object_component_ref idref="oc-30"/>
      </symbol>
      <symbol id="sm-3b4">
         <name>__TI_int07</name>
         <value>0xffee</value>
         <object_component_ref idref="oc-31"/>
      </symbol>
      <symbol id="sm-3b7">
         <name>__TI_int08</name>
         <value>0xfff0</value>
         <object_component_ref idref="oc-32"/>
      </symbol>
      <symbol id="sm-3ba">
         <name>__TI_int09</name>
         <value>0xfff2</value>
         <object_component_ref idref="oc-33"/>
      </symbol>
      <symbol id="sm-3bd">
         <name>__TI_int12</name>
         <value>0xfff8</value>
         <object_component_ref idref="oc-35"/>
      </symbol>
      <symbol id="sm-3c0">
         <name>__TI_int13</name>
         <value>0xfffa</value>
         <object_component_ref idref="oc-36"/>
      </symbol>
      <symbol id="sm-3c3">
         <name>__TI_int14</name>
         <value>0xfffc</value>
         <object_component_ref idref="oc-37"/>
      </symbol>
      <symbol id="sm-3ca">
         <name>__TI_ISR_TRAP</name>
         <value>0xa6b2</value>
         <object_component_ref idref="oc-4f"/>
      </symbol>
      <symbol id="sm-3d1">
         <name>__mspabi_slli</name>
         <value>0xa4b6</value>
         <object_component_ref idref="oc-18b"/>
      </symbol>
      <symbol id="sm-3d2">
         <name>__mspabi_slli_9</name>
         <value>0xa4ce</value>
         <object_component_ref idref="oc-18b"/>
      </symbol>
      <symbol id="sm-3d3">
         <name>__mspabi_slli_8</name>
         <value>0xa4d0</value>
         <object_component_ref idref="oc-18b"/>
      </symbol>
      <symbol id="sm-3d4">
         <name>__mspabi_slli_7</name>
         <value>0xa4d2</value>
         <object_component_ref idref="oc-18b"/>
      </symbol>
      <symbol id="sm-3d5">
         <name>__mspabi_slli_6</name>
         <value>0xa4d4</value>
         <object_component_ref idref="oc-18b"/>
      </symbol>
      <symbol id="sm-3d6">
         <name>__mspabi_slli_5</name>
         <value>0xa4d6</value>
         <object_component_ref idref="oc-18b"/>
      </symbol>
      <symbol id="sm-3d7">
         <name>__mspabi_slli_4</name>
         <value>0xa4d8</value>
         <object_component_ref idref="oc-18b"/>
      </symbol>
      <symbol id="sm-3d8">
         <name>__mspabi_slli_3</name>
         <value>0xa4da</value>
         <object_component_ref idref="oc-18b"/>
      </symbol>
      <symbol id="sm-3d9">
         <name>__mspabi_slli_2</name>
         <value>0xa4dc</value>
         <object_component_ref idref="oc-18b"/>
      </symbol>
      <symbol id="sm-3da">
         <name>__mspabi_slli_1</name>
         <value>0xa4de</value>
         <object_component_ref idref="oc-18b"/>
      </symbol>
      <symbol id="sm-3db">
         <name>__mspabi_slli_15</name>
         <value>0xa4c2</value>
         <object_component_ref idref="oc-18b"/>
      </symbol>
      <symbol id="sm-3dc">
         <name>__mspabi_slli_14</name>
         <value>0xa4c4</value>
         <object_component_ref idref="oc-18b"/>
      </symbol>
      <symbol id="sm-3dd">
         <name>__mspabi_slli_13</name>
         <value>0xa4c6</value>
         <object_component_ref idref="oc-18b"/>
      </symbol>
      <symbol id="sm-3de">
         <name>__mspabi_slli_12</name>
         <value>0xa4c8</value>
         <object_component_ref idref="oc-18b"/>
      </symbol>
      <symbol id="sm-3df">
         <name>__mspabi_slli_11</name>
         <value>0xa4ca</value>
         <object_component_ref idref="oc-18b"/>
      </symbol>
      <symbol id="sm-3e0">
         <name>__mspabi_slli_10</name>
         <value>0xa4cc</value>
         <object_component_ref idref="oc-18b"/>
      </symbol>
      <symbol id="sm-3e7">
         <name>__mspabi_slll_9</name>
         <value>0xa2f6</value>
         <object_component_ref idref="oc-22d"/>
      </symbol>
      <symbol id="sm-3e8">
         <name>__mspabi_slll_8</name>
         <value>0xa2fa</value>
         <object_component_ref idref="oc-22d"/>
      </symbol>
      <symbol id="sm-3e9">
         <name>__mspabi_slll_7</name>
         <value>0xa2fe</value>
         <object_component_ref idref="oc-22d"/>
      </symbol>
      <symbol id="sm-3ea">
         <name>__mspabi_slll_6</name>
         <value>0xa302</value>
         <object_component_ref idref="oc-22d"/>
      </symbol>
      <symbol id="sm-3eb">
         <name>__mspabi_slll_5</name>
         <value>0xa306</value>
         <object_component_ref idref="oc-22d"/>
      </symbol>
      <symbol id="sm-3ec">
         <name>__mspabi_slll_4</name>
         <value>0xa30a</value>
         <object_component_ref idref="oc-22d"/>
      </symbol>
      <symbol id="sm-3ed">
         <name>__mspabi_slll_3</name>
         <value>0xa30e</value>
         <object_component_ref idref="oc-22d"/>
      </symbol>
      <symbol id="sm-3ee">
         <name>__mspabi_slll_2</name>
         <value>0xa312</value>
         <object_component_ref idref="oc-22d"/>
      </symbol>
      <symbol id="sm-3ef">
         <name>__mspabi_slll_1</name>
         <value>0xa316</value>
         <object_component_ref idref="oc-22d"/>
      </symbol>
      <symbol id="sm-3f0">
         <name>__mspabi_slll_15</name>
         <value>0xa2de</value>
         <object_component_ref idref="oc-22d"/>
      </symbol>
      <symbol id="sm-3f1">
         <name>__mspabi_slll_14</name>
         <value>0xa2e2</value>
         <object_component_ref idref="oc-22d"/>
      </symbol>
      <symbol id="sm-3f2">
         <name>__mspabi_slll_13</name>
         <value>0xa2e6</value>
         <object_component_ref idref="oc-22d"/>
      </symbol>
      <symbol id="sm-3f3">
         <name>__mspabi_slll_12</name>
         <value>0xa2ea</value>
         <object_component_ref idref="oc-22d"/>
      </symbol>
      <symbol id="sm-3f4">
         <name>__mspabi_slll_11</name>
         <value>0xa2ee</value>
         <object_component_ref idref="oc-22d"/>
      </symbol>
      <symbol id="sm-3f5">
         <name>__mspabi_slll_10</name>
         <value>0xa2f2</value>
         <object_component_ref idref="oc-22d"/>
      </symbol>
      <symbol id="sm-3fc">
         <name>__mspabi_srli_8</name>
         <value>0xa1ee</value>
         <object_component_ref idref="oc-1c9"/>
      </symbol>
      <symbol id="sm-3fd">
         <name>__mspabi_srli_9</name>
         <value>0xa1ea</value>
         <object_component_ref idref="oc-1c9"/>
      </symbol>
      <symbol id="sm-3fe">
         <name>__mspabi_srli_6</name>
         <value>0xa1f6</value>
         <object_component_ref idref="oc-1c9"/>
      </symbol>
      <symbol id="sm-3ff">
         <name>__mspabi_srli_7</name>
         <value>0xa1f2</value>
         <object_component_ref idref="oc-1c9"/>
      </symbol>
      <symbol id="sm-400">
         <name>__mspabi_srli_4</name>
         <value>0xa1fe</value>
         <object_component_ref idref="oc-1c9"/>
      </symbol>
      <symbol id="sm-401">
         <name>__mspabi_srli_5</name>
         <value>0xa1fa</value>
         <object_component_ref idref="oc-1c9"/>
      </symbol>
      <symbol id="sm-402">
         <name>__mspabi_srli_2</name>
         <value>0xa206</value>
         <object_component_ref idref="oc-1c9"/>
      </symbol>
      <symbol id="sm-403">
         <name>__mspabi_srli_3</name>
         <value>0xa202</value>
         <object_component_ref idref="oc-1c9"/>
      </symbol>
      <symbol id="sm-404">
         <name>__mspabi_srli_1</name>
         <value>0xa20a</value>
         <object_component_ref idref="oc-1c9"/>
      </symbol>
      <symbol id="sm-405">
         <name>__mspabi_srli</name>
         <value>0xa1c4</value>
         <object_component_ref idref="oc-1c9"/>
      </symbol>
      <symbol id="sm-406">
         <name>__mspabi_srli_15</name>
         <value>0xa1d2</value>
         <object_component_ref idref="oc-1c9"/>
      </symbol>
      <symbol id="sm-407">
         <name>__mspabi_srli_14</name>
         <value>0xa1d6</value>
         <object_component_ref idref="oc-1c9"/>
      </symbol>
      <symbol id="sm-408">
         <name>__mspabi_srli_13</name>
         <value>0xa1da</value>
         <object_component_ref idref="oc-1c9"/>
      </symbol>
      <symbol id="sm-409">
         <name>__mspabi_srli_12</name>
         <value>0xa1de</value>
         <object_component_ref idref="oc-1c9"/>
      </symbol>
      <symbol id="sm-40a">
         <name>__mspabi_srli_11</name>
         <value>0xa1e2</value>
         <object_component_ref idref="oc-1c9"/>
      </symbol>
      <symbol id="sm-40b">
         <name>__mspabi_srli_10</name>
         <value>0xa1e6</value>
         <object_component_ref idref="oc-1c9"/>
      </symbol>
      <symbol id="sm-419">
         <name>__mspabi_srll_8</name>
         <value>0xa192</value>
         <object_component_ref idref="oc-236"/>
      </symbol>
      <symbol id="sm-41a">
         <name>__mspabi_srll_9</name>
         <value>0xa18c</value>
         <object_component_ref idref="oc-236"/>
      </symbol>
      <symbol id="sm-41b">
         <name>__mspabi_srll_6</name>
         <value>0xa19e</value>
         <object_component_ref idref="oc-236"/>
      </symbol>
      <symbol id="sm-41c">
         <name>__mspabi_srll_7</name>
         <value>0xa198</value>
         <object_component_ref idref="oc-236"/>
      </symbol>
      <symbol id="sm-41d">
         <name>__mspabi_srll_4</name>
         <value>0xa1aa</value>
         <object_component_ref idref="oc-236"/>
      </symbol>
      <symbol id="sm-41e">
         <name>__mspabi_srll_5</name>
         <value>0xa1a4</value>
         <object_component_ref idref="oc-236"/>
      </symbol>
      <symbol id="sm-41f">
         <name>__mspabi_srll_2</name>
         <value>0xa1b6</value>
         <object_component_ref idref="oc-236"/>
      </symbol>
      <symbol id="sm-420">
         <name>__mspabi_srll_3</name>
         <value>0xa1b0</value>
         <object_component_ref idref="oc-236"/>
      </symbol>
      <symbol id="sm-421">
         <name>__mspabi_srll_1</name>
         <value>0xa1bc</value>
         <object_component_ref idref="oc-236"/>
      </symbol>
      <symbol id="sm-422">
         <name>__mspabi_srll_15</name>
         <value>0xa168</value>
         <object_component_ref idref="oc-236"/>
      </symbol>
      <symbol id="sm-423">
         <name>__mspabi_srll_14</name>
         <value>0xa16e</value>
         <object_component_ref idref="oc-236"/>
      </symbol>
      <symbol id="sm-424">
         <name>__mspabi_srll_13</name>
         <value>0xa174</value>
         <object_component_ref idref="oc-236"/>
      </symbol>
      <symbol id="sm-425">
         <name>__mspabi_srll_12</name>
         <value>0xa17a</value>
         <object_component_ref idref="oc-236"/>
      </symbol>
      <symbol id="sm-426">
         <name>__mspabi_srll_11</name>
         <value>0xa180</value>
         <object_component_ref idref="oc-236"/>
      </symbol>
      <symbol id="sm-427">
         <name>__mspabi_srll_10</name>
         <value>0xa186</value>
         <object_component_ref idref="oc-236"/>
      </symbol>
      <symbol id="sm-428">
         <name>__mspabi_srll</name>
         <value>0xa64e</value>
         <object_component_ref idref="oc-203"/>
      </symbol>
      <symbol id="sm-435">
         <name>memcpy</name>
         <value>0xa660</value>
         <object_component_ref idref="oc-72"/>
      </symbol>
      <symbol id="sm-456">
         <name>__mspabi_mpyd</name>
         <value>0x8db0</value>
         <object_component_ref idref="oc-117"/>
      </symbol>
      <symbol id="sm-45f">
         <name>__mspabi_mpyi</name>
         <value>0xa628</value>
         <object_component_ref idref="oc-20e"/>
      </symbol>
      <symbol id="sm-468">
         <name>__mspabi_mpyl</name>
         <value>0xa50a</value>
         <object_component_ref idref="oc-23a"/>
      </symbol>
      <symbol id="sm-470">
         <name>_system_pre_init</name>
         <value>0xa6be</value>
         <object_component_ref idref="oc-5d"/>
      </symbol>
      <symbol id="sm-47c">
         <name>strlen</name>
         <value>0xa692</value>
         <object_component_ref idref="oc-209"/>
      </symbol>
      <symbol id="sm-485">
         <name>__mspabi_srai</name>
         <value>0xa48a</value>
         <object_component_ref idref="oc-1be"/>
      </symbol>
      <symbol id="sm-486">
         <name>__mspabi_srai_8</name>
         <value>0xa4a4</value>
         <object_component_ref idref="oc-1be"/>
      </symbol>
      <symbol id="sm-487">
         <name>__mspabi_srai_9</name>
         <value>0xa4a2</value>
         <object_component_ref idref="oc-1be"/>
      </symbol>
      <symbol id="sm-488">
         <name>__mspabi_srai_6</name>
         <value>0xa4a8</value>
         <object_component_ref idref="oc-1be"/>
      </symbol>
      <symbol id="sm-489">
         <name>__mspabi_srai_7</name>
         <value>0xa4a6</value>
         <object_component_ref idref="oc-1be"/>
      </symbol>
      <symbol id="sm-48a">
         <name>__mspabi_srai_4</name>
         <value>0xa4ac</value>
         <object_component_ref idref="oc-1be"/>
      </symbol>
      <symbol id="sm-48b">
         <name>__mspabi_srai_5</name>
         <value>0xa4aa</value>
         <object_component_ref idref="oc-1be"/>
      </symbol>
      <symbol id="sm-48c">
         <name>__mspabi_srai_2</name>
         <value>0xa4b0</value>
         <object_component_ref idref="oc-1be"/>
      </symbol>
      <symbol id="sm-48d">
         <name>__mspabi_srai_3</name>
         <value>0xa4ae</value>
         <object_component_ref idref="oc-1be"/>
      </symbol>
      <symbol id="sm-48e">
         <name>__mspabi_srai_1</name>
         <value>0xa4b2</value>
         <object_component_ref idref="oc-1be"/>
      </symbol>
      <symbol id="sm-48f">
         <name>__mspabi_srai_15</name>
         <value>0xa496</value>
         <object_component_ref idref="oc-1be"/>
      </symbol>
      <symbol id="sm-490">
         <name>__mspabi_srai_14</name>
         <value>0xa498</value>
         <object_component_ref idref="oc-1be"/>
      </symbol>
      <symbol id="sm-491">
         <name>__mspabi_srai_13</name>
         <value>0xa49a</value>
         <object_component_ref idref="oc-1be"/>
      </symbol>
      <symbol id="sm-492">
         <name>__mspabi_srai_12</name>
         <value>0xa49c</value>
         <object_component_ref idref="oc-1be"/>
      </symbol>
      <symbol id="sm-493">
         <name>__mspabi_srai_11</name>
         <value>0xa49e</value>
         <object_component_ref idref="oc-1be"/>
      </symbol>
      <symbol id="sm-494">
         <name>__mspabi_srai_10</name>
         <value>0xa4a0</value>
         <object_component_ref idref="oc-1be"/>
      </symbol>
      <symbol id="sm-49b">
         <name>__mspabi_sral_15</name>
         <value>0xa2a0</value>
         <object_component_ref idref="oc-23e"/>
      </symbol>
      <symbol id="sm-49c">
         <name>__mspabi_sral_14</name>
         <value>0xa2a4</value>
         <object_component_ref idref="oc-23e"/>
      </symbol>
      <symbol id="sm-49d">
         <name>__mspabi_sral_13</name>
         <value>0xa2a8</value>
         <object_component_ref idref="oc-23e"/>
      </symbol>
      <symbol id="sm-49e">
         <name>__mspabi_sral_12</name>
         <value>0xa2ac</value>
         <object_component_ref idref="oc-23e"/>
      </symbol>
      <symbol id="sm-49f">
         <name>__mspabi_sral_11</name>
         <value>0xa2b0</value>
         <object_component_ref idref="oc-23e"/>
      </symbol>
      <symbol id="sm-4a0">
         <name>__mspabi_sral_10</name>
         <value>0xa2b4</value>
         <object_component_ref idref="oc-23e"/>
      </symbol>
      <symbol id="sm-4a1">
         <name>__mspabi_sral_8</name>
         <value>0xa2bc</value>
         <object_component_ref idref="oc-23e"/>
      </symbol>
      <symbol id="sm-4a2">
         <name>__mspabi_sral_9</name>
         <value>0xa2b8</value>
         <object_component_ref idref="oc-23e"/>
      </symbol>
      <symbol id="sm-4a3">
         <name>__mspabi_sral_6</name>
         <value>0xa2c4</value>
         <object_component_ref idref="oc-23e"/>
      </symbol>
      <symbol id="sm-4a4">
         <name>__mspabi_sral_7</name>
         <value>0xa2c0</value>
         <object_component_ref idref="oc-23e"/>
      </symbol>
      <symbol id="sm-4a5">
         <name>__mspabi_sral_4</name>
         <value>0xa2cc</value>
         <object_component_ref idref="oc-23e"/>
      </symbol>
      <symbol id="sm-4a6">
         <name>__mspabi_sral_5</name>
         <value>0xa2c8</value>
         <object_component_ref idref="oc-23e"/>
      </symbol>
      <symbol id="sm-4a7">
         <name>__mspabi_sral_2</name>
         <value>0xa2d4</value>
         <object_component_ref idref="oc-23e"/>
      </symbol>
      <symbol id="sm-4a8">
         <name>__mspabi_sral_3</name>
         <value>0xa2d0</value>
         <object_component_ref idref="oc-23e"/>
      </symbol>
      <symbol id="sm-4a9">
         <name>__mspabi_sral_1</name>
         <value>0xa2d8</value>
         <object_component_ref idref="oc-23e"/>
      </symbol>
      <symbol id="sm-4be">
         <name>_auto_init</name>
         <value>0xa0ac</value>
         <object_component_ref idref="oc-62"/>
      </symbol>
      <symbol id="sm-4ce">
         <name>__TI_frcmpyd</name>
         <value>0x8858</value>
         <object_component_ref idref="oc-1c2"/>
      </symbol>
      <symbol id="sm-4cf">
         <name>__TI_exit</name>
         <value>0x1</value>
      </symbol>
      <symbol id="sm-4d0">
         <name>__TI_args_main</name>
         <value>0x1</value>
      </symbol>
      <symbol id="sm-4d1">
         <name>__TI_INITARRAY_Base</name>
         <value>0x0</value>
      </symbol>
      <symbol id="sm-4d2">
         <name>__TI_INITARRAY_Limit</name>
         <value>0x0</value>
      </symbol>
   </symbol_table>
   <title>Link successful</title>
</link_info>
