******************************************************************************
                  MSP430 Linker PC v4.2.1                      
******************************************************************************
>> Linked Fri Dec 06 10:58:11 2013

OUTPUT FILE NAME:   <L9a-Life.out>
ENTRY POINT SYMBOL: "_c_int00"  address: 0000919a


MEMORY CONFIGURATION

         name            origin    length      used     unused   attr    fill
----------------------  --------  ---------  --------  --------  ----  --------
  SFR                   00000000   00000010  00000000  00000010  RWIX
  PERIPHERALS_8BIT      00000010   000000f0  00000000  000000f0  RWIX
  PERIPHERALS_16BIT     00000100   00000100  00000000  00000100  RWIX
  RAM                   00000200   00000400  000003a2  0000005e  RWIX
  INFOD                 00001000   00000040  00000000  00000040  RWIX
  INFOC                 00001040   00000040  00000000  00000040  RWIX
  INFOB                 00001080   00000040  00000000  00000040  RWIX
  INFOA                 000010c0   00000040  00000000  00000040  RWIX
  FLASH                 00008000   00007fde  0000240a  00005bd4  RWIX
  INT00                 0000ffe0   00000002  00000000  00000002  RWIX
  INT01                 0000ffe2   00000002  00000000  00000002  RWIX
  INT02                 0000ffe4   00000002  00000002  00000000  RWIX
  INT03                 0000ffe6   00000002  00000002  00000000  RWIX
  INT04                 0000ffe8   00000002  00000000  00000002  RWIX
  INT05                 0000ffea   00000002  00000002  00000000  RWIX
  INT06                 0000ffec   00000002  00000002  00000000  RWIX
  INT07                 0000ffee   00000002  00000002  00000000  RWIX
  INT08                 0000fff0   00000002  00000002  00000000  RWIX
  INT09                 0000fff2   00000002  00000002  00000000  RWIX
  INT10                 0000fff4   00000002  00000002  00000000  RWIX
  INT11                 0000fff6   00000002  00000000  00000002  RWIX
  INT12                 0000fff8   00000002  00000002  00000000  RWIX
  INT13                 0000fffa   00000002  00000002  00000000  RWIX
  INT14                 0000fffc   00000002  00000002  00000000  RWIX
  RESET                 0000fffe   00000002  00000002  00000000  RWIX


SECTION ALLOCATION MAP

 output                                  attributes/
section   page    origin      length       input sections
--------  ----  ----------  ----------   ----------------
.cinit     0    00008000    00000000     UNINITIALIZED

.pinit     0    00008000    00000000     UNINITIALIZED

.bss       0    00000200    00000352     UNINITIALIZED
                  00000200    00000342     life.obj (.bss)
                  00000542    00000006     RBX430_lcd.obj (.bss)
                  00000548    00000004     rts430.lib : _lock.obj (.bss)
                  0000054c    00000004                : boot.obj (.bss)
                  00000550    00000002     RBX430-1.obj (.bss)

.data      0    00000200    00000000     UNINITIALIZED

.stack     0    000005b0    00000050     UNINITIALIZED
                  000005b0    00000002     rts430.lib : boot.obj (.stack)
                  000005b2    0000004e     --HOLE--

.text      0    00008000    000012a2     
                  00008000    00000296     life.obj (.text:main)
                  00008296    00000244     RBX430_lcd.obj (.text:lcd_point)
                  000084da    00000218     RBX430_lcd.obj (.text:my_printfi)
                  000086f2    00000212     life.obj (.text:init_life)
                  00008904    00000146     RBX430_lcd.obj (.text:lcd_init)
                  00008a4a    00000132     RBX430_lcd.obj (.text:lcd_putchar)
                  00008b7c    00000130     life.obj (.text:draw_rle_pattern)
                  00008cac    000000d0     RBX430_lcd.obj (.text:lcd_wordImage)
                  00008d7c    000000be     RBX430-1.obj (.text:RBX430_init)
                  00008e3a    00000066     RBX430-1.obj (.text:ERROR2)
                  00008ea0    0000005a     RBX430_lcd.obj (.text:lcd_WD)
                  00008efa    0000004c     rts430.lib : lsr16.obj (.text)
                  00008f46    0000004a     RBX430_lcd.obj (.text:lcd_WD2)
                  00008f90    00000042     RBX430_lcd.obj (.text:DelayMs)
                  00008fd2    00000038     RBX430_lcd.obj (.text:ReadDataWord)
                  0000900a    00000034     RBX430_lcd.obj (.text:WriteDataWord)
                  0000903e    00000030     RBX430_lcd.obj (.text:lcd_cursor)
                  0000906e    00000030     RBX430_lcd.obj (.text:lcd_set_x_y)
                  0000909e    0000002e     RBX430_lcd.obj (.text:lcd_set)
                  000090cc    0000002c     rts430.lib : lsl16.obj (.text)
                  000090f8    00000024     RBX430_lcd.obj (.text:lcd_printf)
                  0000911c    00000022     lifelib.obj (.text:ISR_trap)
                  0000913e    00000020     RBX430_lcd.obj (.text:ReadData)
                  0000915e    0000001e     RBX430_lcd.obj (.text:WriteCmd)
                  0000917c    0000001e     RBX430_lcd.obj (.text:WriteData)
                  0000919a    0000001e     rts430.lib : boot.obj (.text:_c_int00_noinit_noexit)
                  000091b8    0000001e     RBX430_lcd.obj (.text:lcd_mode)
                  000091d6    00000018     life.obj (.text:WDT_ISR)
                  000091ee    00000016     rts430.lib : div16u.obj (.text)
                  00009204    00000014     RBX430_lcd.obj (.text:lcd_backlight)
                  00009218    00000014     rts430.lib : memset.obj (.text:memset)
                  0000922c    00000014                : mult16.obj (.text)
                  00009240    00000012                : lsr32.obj (.text:l_lsr)
                  00009252    00000012                : memcpy.obj (.text:memcpy)
                  00009264    00000010                : epilog.obj (.text)
                  00009274    0000000e                : strlen.obj (.text:strlen)
                  00009282    00000008     RBX430-1.obj (.text:ADC10_ISR)
                  0000928a    00000008     RBX430_lcd.obj (.text:lcd_clear)
                  00009292    00000006     rts430.lib : isr_trap.obj (.text:__TI_ISR_TRAP)
                  00009298    00000004                : pre_init.obj (.text:_system_pre_init)
                  0000929c    00000004                : exit.obj (.text:abort)
                  000092a0    00000002                : _lock.obj (.text:_nop)

.const     0    000092a2    00001168     
                  000092a2    00000888     lifelib.obj (.const:life_image)
                  00009b2a    000001e0     RBX430_lcd.obj (.const:cs)
                  00009d0a    00000125     lifelib.obj (.const:.string:beacon_maker)
                  00009e2f    00000001     --HOLE-- [fill = 0]
                  00009e30    000000a2     RBX430_lcd.obj (.const:.string:dv3)
                  00009ed2    00000082     lifelib.obj (.const:.string:gosper_glider_gun2)
                  00009f54    00000082     lifelib.obj (.const:.string:pulsar)
                  00009fd6    00000081     lifelib.obj (.const:.string:gosper_glider_gun)
                  0000a057    00000001     --HOLE-- [fill = 0]
                  0000a058    0000006a     lifelib.obj (.const:.string:bird)
                  0000a0c2    00000069     lifelib.obj (.const:.string:blinker_puffer)
                  0000a12b    00000001     --HOLE-- [fill = 0]
                  0000a12c    0000004f     lifelib.obj (.const:.string:loafer)
                  0000a17b    00000001     --HOLE-- [fill = 0]
                  0000a17c    0000003e     lifelib.obj (.const:.string:hexapole)
                  0000a1ba    0000003a     lifelib.obj (.const:.string:by_flop)
                  0000a1f4    00000034     lifelib.obj (.const:.string:hwss)
                  0000a228    0000002f     lifelib.obj (.const:.string:lwss)
                  0000a257    00000001     --HOLE-- [fill = 0]
                  0000a258    0000002d     lifelib.obj (.const:.string:loaf)
                  0000a285    00000001     --HOLE-- [fill = 0]
                  0000a286    0000002c     RBX430_lcd.obj (.const:dv$3)
                  0000a2b2    0000002b     lifelib.obj (.const:.string:beacon)
                  0000a2dd    00000001     --HOLE-- [fill = 0]
                  0000a2de    0000002b     lifelib.obj (.const:.string:beehive)
                  0000a309    00000001     --HOLE-- [fill = 0]
                  0000a30a    00000027     lifelib.obj (.const:.string:boat)
                  0000a331    00000001     --HOLE-- [fill = 0]
                  0000a332    00000027     lifelib.obj (.const:.string:glider)
                  0000a359    00000001     --HOLE-- [fill = 0]
                  0000a35a    00000024     lifelib.obj (.const:.string:toad)
                  0000a37e    00000023     lifelib.obj (.const:.string:block)
                  0000a3a1    00000001     --HOLE-- [fill = 0]
                  0000a3a2    00000020     lifelib.obj (.const:.string:blinker)
                  0000a3c2    00000018     life.obj (.const:.string)
                  0000a3da    00000011     RBX430_lcd.obj (.const:.string:lHexChar$1)
                  0000a3eb    00000001     --HOLE-- [fill = 0]
                  0000a3ec    00000011     RBX430_lcd.obj (.const:.string:uHexChar$2)
                  0000a3fd    00000001     --HOLE-- [fill = 0]
                  0000a3fe    00000006     RBX430_lcd.obj (.const:px_off)
                  0000a404    00000006     RBX430_lcd.obj (.const:px_on)

PORT1      0    0000ffe4    00000002     
                  0000ffe4    00000002     rts430.lib : int02.obj (.int02)

PORT2      0    0000ffe6    00000002     
                  0000ffe6    00000002     lifelib.obj (.int03)

ADC10      0    0000ffea    00000002     
                  0000ffea    00000002     RBX430-1.obj (.int05)

USCIAB0TX 
*          0    0000ffec    00000002     
                  0000ffec    00000002     lifelib.obj (.int06)

USCIAB0RX 
*          0    0000ffee    00000002     
                  0000ffee    00000002     lifelib.obj (.int07)

TIMERA1    0    0000fff0    00000002     
                  0000fff0    00000002     lifelib.obj (.int08)

TIMERA0    0    0000fff2    00000002     
                  0000fff2    00000002     lifelib.obj (.int09)

WDT        0    0000fff4    00000002     
                  0000fff4    00000002     life.obj (.int10)

TIMERB1    0    0000fff8    00000002     
                  0000fff8    00000002     lifelib.obj (.int12)

TIMERB0    0    0000fffa    00000002     
                  0000fffa    00000002     lifelib.obj (.int13)

NMI        0    0000fffc    00000002     
                  0000fffc    00000002     lifelib.obj (.int14)

.reset     0    0000fffe    00000002     
                  0000fffe    00000002     rts430.lib : boot.obj (.reset)


GLOBAL SYMBOLS: SORTED ALPHABETICALLY BY Name 

address    name
--------   ----
00000200   .bss
00000200   .data
00008000   .text
0000004a   ADC10AE0
0000004b   ADC10AE1
000001b0   ADC10CTL0
000001b2   ADC10CTL1
00000048   ADC10DTC0
00000049   ADC10DTC1
000001b4   ADC10MEM
000001bc   ADC10SA
00009282   ADC10_ISR
00000057   BCSCTL1
00000058   BCSCTL2
00000053   BCSCTL3
0000929c   C$$EXIT
000010fb   CALBC1_12MHZ
000010f9   CALBC1_16MHZ
000010ff   CALBC1_1MHZ
000010fd   CALBC1_8MHZ
000010fa   CALDCO_12MHZ
000010f8   CALDCO_16MHZ
000010fe   CALDCO_1MHZ
000010fc   CALDCO_8MHZ
00000056   DCOCTL
00008e3a   ERROR2
00000128   FCTL1
0000012a   FCTL2
0000012c   FCTL3
00000000   IE1
00000001   IE2
00000002   IFG1
00000003   IFG2
0000911c   ISR_trap
000090cc   I_LSL
000090f4   I_LSL_1
000090e2   I_LSL_10
000090e0   I_LSL_11
000090de   I_LSL_12
000090dc   I_LSL_13
000090da   I_LSL_14
000090d8   I_LSL_15
000090f2   I_LSL_2
000090f0   I_LSL_3
000090ee   I_LSL_4
000090ec   I_LSL_5
000090ea   I_LSL_6
000090e8   I_LSL_7
000090e6   I_LSL_8
000090e4   I_LSL_9
00008efa   I_LSR
00008f40   I_LSR_1
00008f1c   I_LSR_10
00008f18   I_LSR_11
00008f14   I_LSR_12
00008f10   I_LSR_13
00008f0c   I_LSR_14
00008f08   I_LSR_15
00008f3c   I_LSR_2
00008f38   I_LSR_3
00008f34   I_LSR_4
00008f30   I_LSR_5
00008f2c   I_LSR_6
00008f28   I_LSR_7
00008f24   I_LSR_8
00008f20   I_LSR_9
00009240   L_LSR
000000c0   OA0CTL0
000000c1   OA0CTL1
000000c2   OA1CTL0
000000c3   OA1CTL1
00000022   P1DIR
00000025   P1IE
00000024   P1IES
00000023   P1IFG
00000020   P1IN
00000021   P1OUT
00000027   P1REN
00000026   P1SEL
0000002a   P2DIR
0000002d   P2IE
0000002c   P2IES
0000002b   P2IFG
00000028   P2IN
00000029   P2OUT
0000002f   P2REN
0000002e   P2SEL
0000001a   P3DIR
00000018   P3IN
00000019   P3OUT
00000010   P3REN
0000001b   P3SEL
0000001e   P4DIR
0000001c   P4IN
0000001d   P4OUT
00000011   P4REN
0000001f   P4SEL
00008d7c   RBX430_init
00000172   TACCR0
00000174   TACCR1
00000176   TACCR2
00000162   TACCTL0
00000164   TACCTL1
00000166   TACCTL2
00000160   TACTL
0000012e   TAIV
00000170   TAR
00000192   TBCCR0
00000194   TBCCR1
00000196   TBCCR2
00000182   TBCCTL0
00000184   TBCCTL1
00000186   TBCCTL2
00000180   TBCTL
0000011e   TBIV
00000190   TBR
0000005d   UCA0ABCTL
00000062   UCA0BR0
00000063   UCA0BR1
00000060   UCA0CTL0
00000061   UCA0CTL1
0000005f   UCA0IRRCTL
0000005e   UCA0IRTCTL
00000064   UCA0MCTL
00000066   UCA0RXBUF
00000065   UCA0STAT
00000067   UCA0TXBUF
0000006a   UCB0BR0
0000006b   UCB0BR1
00000068   UCB0CTL0
00000069   UCB0CTL1
0000006c   UCB0I2CIE
00000118   UCB0I2COA
0000011a   UCB0I2CSA
0000006e   UCB0RXBUF
0000006d   UCB0STAT
0000006f   UCB0TXBUF
00000120   WDTCTL
000091d6   WDT_ISR
00000200   WDT_Sec_Cnt
00000600   __STACK_END
00000050   __STACK_SIZE
00009292   __TI_ISR_TRAP
00000001   __TI_args_main
00000001   __TI_auto_init
0000054c   __TI_cleanup_ptr
0000054e   __TI_dtors_ptr
00000001   __TI_exit
0000ffe4   __TI_int02
0000ffe6   __TI_int03
0000ffea   __TI_int05
0000ffec   __TI_int06
0000ffee   __TI_int07
0000fff0   __TI_int08
0000fff2   __TI_int09
0000fff4   __TI_int10
0000fff8   __TI_int12
0000fffa   __TI_int13
0000fffc   __TI_int14
ffffffff   __binit__
00000200   __bss__
ffffffff   __c_args__
ffffffff   __cinit__
00000200   __data__
000091ee   __divu
00000200   __edata__
00000552   __end__
000092a2   __etext__
0000922c   __mpyi
ffffffff   __pinit__
000091ee   __remu
00008000   __text__
0000919a   _c_int00
0000919a   _c_int00_noinit_noexit
00000548   _lock
000092a0   _nop
0000fffe   _reset_vector
000005b0   _stack
00009298   _system_pre_init
0000054a   _unlock
0000929c   abort
0000a2b2   beacon
00009d0a   beacon_maker
0000a2de   beehive
ffffffff   binit
0000a058   bird
0000a3a2   blinker
0000a0c2   blinker_puffer
0000a37e   block
0000a30a   boat
0000a1ba   by_flop
ffffffff   cinit
00009b2a   cs
00008b7c   draw_rle_pattern
00009e30   dv3
00000200   edata
00000552   end
000092a2   etext
00009270   func_epilog_1
0000926e   func_epilog_2
0000926c   func_epilog_3
0000926a   func_epilog_4
00009268   func_epilog_5
00009266   func_epilog_6
00009264   func_epilog_7
0000a332   glider
00009fd6   gosper_glider_gun
00009ed2   gosper_glider_gun2
0000a17c   hexapole
0000a1f4   hwss
00000550   i2c_fSCL
000086f2   init_life
00008ea0   lcd_WD
00008f46   lcd_WD2
00009204   lcd_backlight
0000928a   lcd_clear
0000903e   lcd_cursor
00008904   lcd_init
000091b8   lcd_mode
00008296   lcd_point
000090f8   lcd_printf
00008a4a   lcd_putchar
0000909e   lcd_set
0000906e   lcd_set_x_y
00008cac   lcd_wordImage
00000204   life
0000052e   life_cr
000092a2   life_image
00000538   life_nr
00000524   life_pr
0000a258   loaf
0000a12c   loafer
0000a228   lwss
00008000   main
00009252   memcpy
00009218   memset
ffffffff   pinit
00009f54   pulsar
0000a3fe   px_off
0000a404   px_on
00000202   seconds
00009274   strlen
0000a35a   toad


GLOBAL SYMBOLS: SORTED BY Symbol Address 

address    name
--------   ----
00000000   IE1
00000001   IE2
00000001   __TI_args_main
00000001   __TI_auto_init
00000001   __TI_exit
00000002   IFG1
00000003   IFG2
00000010   P3REN
00000011   P4REN
00000018   P3IN
00000019   P3OUT
0000001a   P3DIR
0000001b   P3SEL
0000001c   P4IN
0000001d   P4OUT
0000001e   P4DIR
0000001f   P4SEL
00000020   P1IN
00000021   P1OUT
00000022   P1DIR
00000023   P1IFG
00000024   P1IES
00000025   P1IE
00000026   P1SEL
00000027   P1REN
00000028   P2IN
00000029   P2OUT
0000002a   P2DIR
0000002b   P2IFG
0000002c   P2IES
0000002d   P2IE
0000002e   P2SEL
0000002f   P2REN
00000048   ADC10DTC0
00000049   ADC10DTC1
0000004a   ADC10AE0
0000004b   ADC10AE1
00000050   __STACK_SIZE
00000053   BCSCTL3
00000056   DCOCTL
00000057   BCSCTL1
00000058   BCSCTL2
0000005d   UCA0ABCTL
0000005e   UCA0IRTCTL
0000005f   UCA0IRRCTL
00000060   UCA0CTL0
00000061   UCA0CTL1
00000062   UCA0BR0
00000063   UCA0BR1
00000064   UCA0MCTL
00000065   UCA0STAT
00000066   UCA0RXBUF
00000067   UCA0TXBUF
00000068   UCB0CTL0
00000069   UCB0CTL1
0000006a   UCB0BR0
0000006b   UCB0BR1
0000006c   UCB0I2CIE
0000006d   UCB0STAT
0000006e   UCB0RXBUF
0000006f   UCB0TXBUF
000000c0   OA0CTL0
000000c1   OA0CTL1
000000c2   OA1CTL0
000000c3   OA1CTL1
00000118   UCB0I2COA
0000011a   UCB0I2CSA
0000011e   TBIV
00000120   WDTCTL
00000128   FCTL1
0000012a   FCTL2
0000012c   FCTL3
0000012e   TAIV
00000160   TACTL
00000162   TACCTL0
00000164   TACCTL1
00000166   TACCTL2
00000170   TAR
00000172   TACCR0
00000174   TACCR1
00000176   TACCR2
00000180   TBCTL
00000182   TBCCTL0
00000184   TBCCTL1
00000186   TBCCTL2
00000190   TBR
00000192   TBCCR0
00000194   TBCCR1
00000196   TBCCR2
000001b0   ADC10CTL0
000001b2   ADC10CTL1
000001b4   ADC10MEM
000001bc   ADC10SA
00000200   .bss
00000200   .data
00000200   WDT_Sec_Cnt
00000200   __bss__
00000200   __data__
00000200   __edata__
00000200   edata
00000202   seconds
00000204   life
00000524   life_pr
0000052e   life_cr
00000538   life_nr
00000548   _lock
0000054a   _unlock
0000054c   __TI_cleanup_ptr
0000054e   __TI_dtors_ptr
00000550   i2c_fSCL
00000552   __end__
00000552   end
000005b0   _stack
00000600   __STACK_END
000010f8   CALDCO_16MHZ
000010f9   CALBC1_16MHZ
000010fa   CALDCO_12MHZ
000010fb   CALBC1_12MHZ
000010fc   CALDCO_8MHZ
000010fd   CALBC1_8MHZ
000010fe   CALDCO_1MHZ
000010ff   CALBC1_1MHZ
00008000   .text
00008000   __text__
00008000   main
00008296   lcd_point
000086f2   init_life
00008904   lcd_init
00008a4a   lcd_putchar
00008b7c   draw_rle_pattern
00008cac   lcd_wordImage
00008d7c   RBX430_init
00008e3a   ERROR2
00008ea0   lcd_WD
00008efa   I_LSR
00008f08   I_LSR_15
00008f0c   I_LSR_14
00008f10   I_LSR_13
00008f14   I_LSR_12
00008f18   I_LSR_11
00008f1c   I_LSR_10
00008f20   I_LSR_9
00008f24   I_LSR_8
00008f28   I_LSR_7
00008f2c   I_LSR_6
00008f30   I_LSR_5
00008f34   I_LSR_4
00008f38   I_LSR_3
00008f3c   I_LSR_2
00008f40   I_LSR_1
00008f46   lcd_WD2
0000903e   lcd_cursor
0000906e   lcd_set_x_y
0000909e   lcd_set
000090cc   I_LSL
000090d8   I_LSL_15
000090da   I_LSL_14
000090dc   I_LSL_13
000090de   I_LSL_12
000090e0   I_LSL_11
000090e2   I_LSL_10
000090e4   I_LSL_9
000090e6   I_LSL_8
000090e8   I_LSL_7
000090ea   I_LSL_6
000090ec   I_LSL_5
000090ee   I_LSL_4
000090f0   I_LSL_3
000090f2   I_LSL_2
000090f4   I_LSL_1
000090f8   lcd_printf
0000911c   ISR_trap
0000919a   _c_int00
0000919a   _c_int00_noinit_noexit
000091b8   lcd_mode
000091d6   WDT_ISR
000091ee   __divu
000091ee   __remu
00009204   lcd_backlight
00009218   memset
0000922c   __mpyi
00009240   L_LSR
00009252   memcpy
00009264   func_epilog_7
00009266   func_epilog_6
00009268   func_epilog_5
0000926a   func_epilog_4
0000926c   func_epilog_3
0000926e   func_epilog_2
00009270   func_epilog_1
00009274   strlen
00009282   ADC10_ISR
0000928a   lcd_clear
00009292   __TI_ISR_TRAP
00009298   _system_pre_init
0000929c   C$$EXIT
0000929c   abort
000092a0   _nop
000092a2   __etext__
000092a2   etext
000092a2   life_image
00009b2a   cs
00009d0a   beacon_maker
00009e30   dv3
00009ed2   gosper_glider_gun2
00009f54   pulsar
00009fd6   gosper_glider_gun
0000a058   bird
0000a0c2   blinker_puffer
0000a12c   loafer
0000a17c   hexapole
0000a1ba   by_flop
0000a1f4   hwss
0000a228   lwss
0000a258   loaf
0000a2b2   beacon
0000a2de   beehive
0000a30a   boat
0000a332   glider
0000a35a   toad
0000a37e   block
0000a3a2   blinker
0000a3fe   px_off
0000a404   px_on
0000ffe4   __TI_int02
0000ffe6   __TI_int03
0000ffea   __TI_int05
0000ffec   __TI_int06
0000ffee   __TI_int07
0000fff0   __TI_int08
0000fff2   __TI_int09
0000fff4   __TI_int10
0000fff8   __TI_int12
0000fffa   __TI_int13
0000fffc   __TI_int14
0000fffe   _reset_vector
ffffffff   __binit__
ffffffff   __c_args__
ffffffff   __cinit__
ffffffff   __pinit__
ffffffff   binit
ffffffff   cinit
ffffffff   pinit

[243 symbols]
