******************************************************************************
                  MSP430 Linker PC v4.2.1                      
******************************************************************************
>> Linked Mon Nov 18 17:21:37 2013

OUTPUT FILE NAME:   <L8a-Dice.out>
ENTRY POINT SYMBOL: "_c_int00"  address: 00008f3e


MEMORY CONFIGURATION

         name            origin    length      used     unused   attr    fill
----------------------  --------  ---------  --------  --------  ----  --------
  SFR                   00000000   00000010  00000000  00000010  RWIX
  PERIPHERALS_8BIT      00000010   000000f0  00000000  000000f0  RWIX
  PERIPHERALS_16BIT     00000100   00000100  00000000  00000100  RWIX
  RAM                   00000200   00000400  0000005e  000003a2  RWIX
  INFOD                 00001000   00000040  00000000  00000040  RWIX
  INFOC                 00001040   00000040  00000000  00000040  RWIX
  INFOB                 00001080   00000040  00000000  00000040  RWIX
  INFOA                 000010c0   00000040  00000000  00000040  RWIX
  FLASH                 00008000   00007fde  00001856  00006788  RWIX
  INT00                 0000ffe0   00000002  00000000  00000002  RWIX
  INT01                 0000ffe2   00000002  00000000  00000002  RWIX
  INT02                 0000ffe4   00000002  00000002  00000000  RWIX
  INT03                 0000ffe6   00000002  00000002  00000000  RWIX
  INT04                 0000ffe8   00000002  00000000  00000002  RWIX
  INT05                 0000ffea   00000002  00000002  00000000  RWIX
  INT06                 0000ffec   00000002  00000002  00000000  RWIX
  INT07                 0000ffee   00000002  00000002  00000000  RWIX
  INT08                 0000fff0   00000002  00000002  00000000  RWIX
  INT09                 0000fff2   00000002  00000002  00000000  RWIX
  INT10                 0000fff4   00000002  00000002  00000000  RWIX
  INT11                 0000fff6   00000002  00000000  00000002  RWIX
  INT12                 0000fff8   00000002  00000002  00000000  RWIX
  INT13                 0000fffa   00000002  00000002  00000000  RWIX
  INT14                 0000fffc   00000002  00000002  00000000  RWIX
  RESET                 0000fffe   00000002  00000002  00000000  RWIX


SECTION ALLOCATION MAP

 output                                  attributes/
section   page    origin      length       input sections
--------  ----  ----------  ----------   ----------------
.init_array 
*          0    00008000    00000000     UNINITIALIZED

.bss       0    00000200    0000000e     UNINITIALIZED
                  00000200    00000002     random.obj (.bss)
                  00000202    00000002     (.common:WDT_Delay)
                  00000204    00000002     (.common:WDT_Sec_Cnt)
                  00000206    00000002     (.common:WDT_Tone_Cnt)
                  00000208    00000002     (.common:i2c_fSCL)
                  0000020a    00000001     (.common:char_cnt)
                  0000020b    00000001     (.common:lcd_dmode)
                  0000020c    00000001     (.common:lcd_x)
                  0000020d    00000001     (.common:lcd_y)

.TI.noinit 
*          0    00000200    00000000     UNINITIALIZED

.stack     0    000005b0    00000050     UNINITIALIZED
                  000005b0    00000002     rts430_eabi.lib : boot.obj (.stack)
                  000005b2    0000004e     --HOLE--

.text      0    00008000    00001022     
                  00008000    00000246     RBX430_lcd.obj (.text:lcd_point)
                  00008246    00000238     RBX430_lcd.obj (.text:my_printfi)
                  0000847e    00000146     RBX430_lcd.obj (.text:lcd_init)
                  000085c4    00000132     RBX430_lcd.obj (.text:lcd_putchar)
                  000086f6    00000102     dice.obj (.text:main)
                  000087f8    000000e0     dice.obj (.text:drawDie)
                  000088d8    000000d4     RBX430_lcd.obj (.text:lcd_wordImage)
                  000089ac    000000be     RBX430-1.obj (.text:RBX430_init)
                  00008a6a    0000008c     RBX430_lcd.obj (.text:lcd_rectangle)
                  00008af6    00000084     random.obj (.text)
                  00008b7a    00000076     RBX430-1.obj (.text:ERROR2)
                  00008bf0    0000005e     rts430_eabi.lib : autoinit.obj (.text:_auto_init)
                  00008c4e    0000005e     RBX430_lcd.obj (.text:lcd_WD)
                  00008cac    0000004a     RBX430_lcd.obj (.text:lcd_WD2)
                  00008cf6    00000046     RBX430_lcd.obj (.text:DelayMs)
                  00008d3c    0000003a     dice.obj (.text:WDT_ISR)
                  00008d76    00000038     RBX430_lcd.obj (.text:ReadDataWord)
                  00008dae    00000034     RBX430_lcd.obj (.text:WriteDataWord)
                  00008de2    00000034     RBX430_lcd.obj (.text:lcd_set_x_y)
                  00008e16    00000030     RBX430_lcd.obj (.text:lcd_cursor)
                  00008e46    0000002e     RBX430_lcd.obj (.text:lcd_set)
                  00008e74    0000002c     rts430_eabi.lib : div16s.obj (.text)
                  00008ea0    00000024     RBX430_lcd.obj (.text:lcd_printf)
                  00008ec4    00000020     RBX430_lcd.obj (.text:ReadData)
                  00008ee4    0000001e     RBX430_lcd.obj (.text:WriteCmd)
                  00008f02    0000001e     RBX430_lcd.obj (.text:WriteData)
                  00008f20    0000001e     RBX430_lcd.obj (.text:lcd_mode)
                  00008f3e    0000001a     rts430_eabi.lib : boot.obj (.text:_c_int00_noexit)
                  00008f58    00000018     dice.obj (.text:doTone)
                  00008f70    00000016     rts430_eabi.lib : div16u.obj (.text)
                  00008f86    00000014                     : copy_zero_init.obj (.text:decompress:ZI:__TI_zero_init)
                  00008f9a    00000014     RBX430_lcd.obj (.text:lcd_backlight)
                  00008fae    00000014     rts430_eabi.lib : mult16.obj (.text)
                  00008fc2    00000012                     : lsr32.obj (.text:l_lsr)
                  00008fd4    00000010     dice.obj (.text:WDT_sleep)
                  00008fe4    00000010     rts430_eabi.lib : epilog.obj (.text)
                  00008ff4    0000000e                     : strlen.obj (.text:strlen)
                  00009002    0000000a     RBX430_lcd.obj (.text:lcd_clear)
                  0000900c    00000008     RBX430-1.obj (.text:ADC10_ISR)
                  00009014    00000006     rts430_eabi.lib : isr_trap.obj (.text:__TI_ISR_TRAP)
                  0000901a    00000004                     : pre_init.obj (.text:_system_pre_init)
                  0000901e    00000004                     : exit.obj (.text:abort)

.const     0    00009022    0000082a     
                  00009022    000004e4     dice.obj (.const:byu4_image)
                  00009506    000001e0     RBX430_lcd.obj (.const:cs)
                  000096e6    000000a2     RBX430_lcd.obj (.const:.string:dv3)
                  00009788    00000052     dice.obj (.const:spot_image)
                  000097da    0000002c     RBX430_lcd.obj (.const:dv$3)
                  00009806    00000011     RBX430_lcd.obj (.const:.string:lHexChar$1)
                  00009817    00000001     --HOLE-- [fill = 0]
                  00009818    00000011     RBX430_lcd.obj (.const:.string:uHexChar$2)
                  00009829    00000001     --HOLE-- [fill = 0]
                  0000982a    00000010     dice.obj (.const:.string)
                  0000983a    00000006     dice.obj (.const:.string:dice)
                  00009840    00000006     RBX430_lcd.obj (.const:px_off)
                  00009846    00000006     RBX430_lcd.obj (.const:px_on)

.cinit     0    0000984c    0000000a     
                  0000984c    00000004     (.cinit..bss.load) [load image, compression = zero_init]
                  00009850    00000002     (__TI_handler_table)
                  00009852    00000004     (__TI_cinit_table)

PORT1      0    0000ffe4    00000002     
                  0000ffe4    00000002     rts430_eabi.lib : int02.obj (.int02)

PORT2      0    0000ffe6    00000002     
                  0000ffe6    00000002     rts430_eabi.lib : int03.obj (.int03)

ADC10      0    0000ffea    00000002     
                  0000ffea    00000002     RBX430-1.obj (.int05)

USCIAB0TX 
*          0    0000ffec    00000002     
                  0000ffec    00000002     rts430_eabi.lib : int06.obj (.int06)

USCIAB0RX 
*          0    0000ffee    00000002     
                  0000ffee    00000002     rts430_eabi.lib : int07.obj (.int07)

TIMERA1    0    0000fff0    00000002     
                  0000fff0    00000002     rts430_eabi.lib : int08.obj (.int08)

TIMERA0    0    0000fff2    00000002     
                  0000fff2    00000002     rts430_eabi.lib : int09.obj (.int09)

WDT        0    0000fff4    00000002     
                  0000fff4    00000002     dice.obj (.int10)

TIMERB1    0    0000fff8    00000002     
                  0000fff8    00000002     rts430_eabi.lib : int12.obj (.int12)

TIMERB0    0    0000fffa    00000002     
                  0000fffa    00000002     rts430_eabi.lib : int13.obj (.int13)

NMI        0    0000fffc    00000002     
                  0000fffc    00000002     rts430_eabi.lib : int14.obj (.int14)

.reset     0    0000fffe    00000002     
                  0000fffe    00000002     rts430_eabi.lib : boot.obj (.reset)


LINKER GENERATED COPY TABLES

__TI_cinit_table @ 00009852 records: 1, size/record: 4, table size: 4
	.bss: load addr=0000984c, load size=00000004 bytes, run addr=00000200, run size=0000000e bytes, compression=zero_init


LINKER GENERATED HANDLER TABLE

__TI_handler_table @ 00009850 records: 1, size/record: 2, table size: 2
	index: 0, handler: __TI_zero_init


GLOBAL SYMBOLS: SORTED ALPHABETICALLY BY Name 

address    name
--------   ----
0000004a   ADC10AE0
0000004b   ADC10AE1
000001b0   ADC10CTL0
000001b2   ADC10CTL1
00000048   ADC10DTC0
00000049   ADC10DTC1
000001b4   ADC10MEM
000001bc   ADC10SA
0000900c   ADC10_ISR
00000057   BCSCTL1
00000058   BCSCTL2
00000053   BCSCTL3
0000901e   C$$EXIT
000010fb   CALBC1_12MHZ
000010f9   CALBC1_16MHZ
000010ff   CALBC1_1MHZ
000010fd   CALBC1_8MHZ
000010fa   CALDCO_12MHZ
000010f8   CALDCO_16MHZ
000010fe   CALDCO_1MHZ
000010fc   CALDCO_8MHZ
00000056   DCOCTL
00008b4c   DIVU
00008b7a   ERROR2
00000128   FCTL1
0000012a   FCTL2
0000012c   FCTL3
00000000   IE1
00000001   IE2
00000002   IFG1
00000003   IFG2
00008b30   MPYU
000000c0   OA0CTL0
000000c1   OA0CTL1
000000c2   OA1CTL0
000000c3   OA1CTL1
00000022   P1DIR
00000025   P1IE
00000024   P1IES
00000023   P1IFG
00000020   P1IN
00000021   P1OUT
00000027   P1REN
00000026   P1SEL
0000002a   P2DIR
0000002d   P2IE
0000002c   P2IES
0000002b   P2IFG
00000028   P2IN
00000029   P2OUT
0000002f   P2REN
0000002e   P2SEL
0000001a   P3DIR
00000018   P3IN
00000019   P3OUT
00000010   P3REN
0000001b   P3SEL
0000001e   P4DIR
0000001c   P4IN
0000001d   P4OUT
00000011   P4REN
0000001f   P4SEL
000089ac   RBX430_init
00000172   TACCR0
00000174   TACCR1
00000176   TACCR2
00000162   TACCTL0
00000164   TACCTL1
00000166   TACCTL2
00000160   TACTL
0000012e   TAIV
00000170   TAR
00000192   TBCCR0
00000194   TBCCR1
00000196   TBCCR2
00000182   TBCCTL0
00000184   TBCCTL1
00000186   TBCCTL2
00000180   TBCTL
0000011e   TBIV
00000190   TBR
0000005d   UCA0ABCTL
00000062   UCA0BR0
00000063   UCA0BR1
00000060   UCA0CTL0
00000061   UCA0CTL1
0000005f   UCA0IRRCTL
0000005e   UCA0IRTCTL
00000064   UCA0MCTL
00000066   UCA0RXBUF
00000065   UCA0STAT
00000067   UCA0TXBUF
0000006a   UCB0BR0
0000006b   UCB0BR1
00000068   UCB0CTL0
00000069   UCB0CTL1
0000006c   UCB0I2CIE
00000118   UCB0I2COA
0000011a   UCB0I2CSA
0000006e   UCB0RXBUF
0000006d   UCB0STAT
0000006f   UCB0TXBUF
00000120   WDTCTL
00000202   WDT_Delay
00008d3c   WDT_ISR
00000204   WDT_Sec_Cnt
00000206   WDT_Tone_Cnt
00008fd4   WDT_sleep
00000600   __STACK_END
00000050   __STACK_SIZE
00009852   __TI_CINIT_Base
00009856   __TI_CINIT_Limit
00009850   __TI_Handler_Table_Base
00009852   __TI_Handler_Table_Limit
UNDEFED    __TI_INITARRAY_Base
UNDEFED    __TI_INITARRAY_Limit
00009014   __TI_ISR_TRAP
00000001   __TI_args_main
00000001   __TI_exit
0000ffe4   __TI_int02
0000ffe6   __TI_int03
0000ffea   __TI_int05
0000ffec   __TI_int06
0000ffee   __TI_int07
0000fff0   __TI_int08
0000fff2   __TI_int09
0000fff4   __TI_int10
0000fff8   __TI_int12
0000fffa   __TI_int13
0000fffc   __TI_int14
00008f86   __TI_zero_init
ffffffff   __binit__
ffffffff   __c_args__
00008e74   __mspabi_divi
00008f70   __mspabi_divu
00008ff0   __mspabi_func_epilog_1
00008fee   __mspabi_func_epilog_2
00008fec   __mspabi_func_epilog_3
00008fea   __mspabi_func_epilog_4
00008fe8   __mspabi_func_epilog_5
00008fe6   __mspabi_func_epilog_6
00008fe4   __mspabi_func_epilog_7
00008fae   __mspabi_mpyi
00008e74   __mspabi_remi
00008f70   __mspabi_remu
00008fc2   __mspabi_srll
00008bf0   _auto_init
00008f3e   _c_int00
00008f3e   _c_int00_noexit
0000fffe   _reset_vector
000005b0   _stack
0000901a   _system_pre_init
0000901e   abort
ffffffff   binit
00009022   byu4_image
00009506   cs
0000983a   dice
00008f58   doTone
000087f8   drawDie
000096e6   dv3
00008afc   getrandSeed
00000208   i2c_fSCL
00008c4e   lcd_WD
00008cac   lcd_WD2
00008f9a   lcd_backlight
00009002   lcd_clear
00008e16   lcd_cursor
0000847e   lcd_init
00008f20   lcd_mode
00008000   lcd_point
00008ea0   lcd_printf
000085c4   lcd_putchar
00008a6a   lcd_rectangle
00008e46   lcd_set
00008de2   lcd_set_x_y
000088d8   lcd_wordImage
000086f6   main
00009840   px_off
00009846   px_on
00008b02   rand16
00008af6   setrandSeed
00009788   spot_image
00008ff4   strlen


GLOBAL SYMBOLS: SORTED BY Symbol Address 

address    name
--------   ----
00000000   IE1
00000001   IE2
00000001   __TI_args_main
00000001   __TI_exit
00000002   IFG1
00000003   IFG2
00000010   P3REN
00000011   P4REN
00000018   P3IN
00000019   P3OUT
0000001a   P3DIR
0000001b   P3SEL
0000001c   P4IN
0000001d   P4OUT
0000001e   P4DIR
0000001f   P4SEL
00000020   P1IN
00000021   P1OUT
00000022   P1DIR
00000023   P1IFG
00000024   P1IES
00000025   P1IE
00000026   P1SEL
00000027   P1REN
00000028   P2IN
00000029   P2OUT
0000002a   P2DIR
0000002b   P2IFG
0000002c   P2IES
0000002d   P2IE
0000002e   P2SEL
0000002f   P2REN
00000048   ADC10DTC0
00000049   ADC10DTC1
0000004a   ADC10AE0
0000004b   ADC10AE1
00000050   __STACK_SIZE
00000053   BCSCTL3
00000056   DCOCTL
00000057   BCSCTL1
00000058   BCSCTL2
0000005d   UCA0ABCTL
0000005e   UCA0IRTCTL
0000005f   UCA0IRRCTL
00000060   UCA0CTL0
00000061   UCA0CTL1
00000062   UCA0BR0
00000063   UCA0BR1
00000064   UCA0MCTL
00000065   UCA0STAT
00000066   UCA0RXBUF
00000067   UCA0TXBUF
00000068   UCB0CTL0
00000069   UCB0CTL1
0000006a   UCB0BR0
0000006b   UCB0BR1
0000006c   UCB0I2CIE
0000006d   UCB0STAT
0000006e   UCB0RXBUF
0000006f   UCB0TXBUF
000000c0   OA0CTL0
000000c1   OA0CTL1
000000c2   OA1CTL0
000000c3   OA1CTL1
00000118   UCB0I2COA
0000011a   UCB0I2CSA
0000011e   TBIV
00000120   WDTCTL
00000128   FCTL1
0000012a   FCTL2
0000012c   FCTL3
0000012e   TAIV
00000160   TACTL
00000162   TACCTL0
00000164   TACCTL1
00000166   TACCTL2
00000170   TAR
00000172   TACCR0
00000174   TACCR1
00000176   TACCR2
00000180   TBCTL
00000182   TBCCTL0
00000184   TBCCTL1
00000186   TBCCTL2
00000190   TBR
00000192   TBCCR0
00000194   TBCCR1
00000196   TBCCR2
000001b0   ADC10CTL0
000001b2   ADC10CTL1
000001b4   ADC10MEM
000001bc   ADC10SA
00000202   WDT_Delay
00000204   WDT_Sec_Cnt
00000206   WDT_Tone_Cnt
00000208   i2c_fSCL
000005b0   _stack
00000600   __STACK_END
000010f8   CALDCO_16MHZ
000010f9   CALBC1_16MHZ
000010fa   CALDCO_12MHZ
000010fb   CALBC1_12MHZ
000010fc   CALDCO_8MHZ
000010fd   CALBC1_8MHZ
000010fe   CALDCO_1MHZ
000010ff   CALBC1_1MHZ
00008000   lcd_point
0000847e   lcd_init
000085c4   lcd_putchar
000086f6   main
000087f8   drawDie
000088d8   lcd_wordImage
000089ac   RBX430_init
00008a6a   lcd_rectangle
00008af6   setrandSeed
00008afc   getrandSeed
00008b02   rand16
00008b30   MPYU
00008b4c   DIVU
00008b7a   ERROR2
00008bf0   _auto_init
00008c4e   lcd_WD
00008cac   lcd_WD2
00008d3c   WDT_ISR
00008de2   lcd_set_x_y
00008e16   lcd_cursor
00008e46   lcd_set
00008e74   __mspabi_divi
00008e74   __mspabi_remi
00008ea0   lcd_printf
00008f20   lcd_mode
00008f3e   _c_int00
00008f3e   _c_int00_noexit
00008f58   doTone
00008f70   __mspabi_divu
00008f70   __mspabi_remu
00008f86   __TI_zero_init
00008f9a   lcd_backlight
00008fae   __mspabi_mpyi
00008fc2   __mspabi_srll
00008fd4   WDT_sleep
00008fe4   __mspabi_func_epilog_7
00008fe6   __mspabi_func_epilog_6
00008fe8   __mspabi_func_epilog_5
00008fea   __mspabi_func_epilog_4
00008fec   __mspabi_func_epilog_3
00008fee   __mspabi_func_epilog_2
00008ff0   __mspabi_func_epilog_1
00008ff4   strlen
00009002   lcd_clear
0000900c   ADC10_ISR
00009014   __TI_ISR_TRAP
0000901a   _system_pre_init
0000901e   C$$EXIT
0000901e   abort
00009022   byu4_image
00009506   cs
000096e6   dv3
00009788   spot_image
0000983a   dice
00009840   px_off
00009846   px_on
00009850   __TI_Handler_Table_Base
00009852   __TI_CINIT_Base
00009852   __TI_Handler_Table_Limit
00009856   __TI_CINIT_Limit
0000ffe4   __TI_int02
0000ffe6   __TI_int03
0000ffea   __TI_int05
0000ffec   __TI_int06
0000ffee   __TI_int07
0000fff0   __TI_int08
0000fff2   __TI_int09
0000fff4   __TI_int10
0000fff8   __TI_int12
0000fffa   __TI_int13
0000fffc   __TI_int14
0000fffe   _reset_vector
ffffffff   __binit__
ffffffff   __c_args__
ffffffff   binit
UNDEFED    __TI_INITARRAY_Base
UNDEFED    __TI_INITARRAY_Limit

[183 symbols]
