******************************************************************************
                  MSP430 Linker PC v4.2.1                      
******************************************************************************
>> Linked Fri Dec 13 12:34:20 2013

OUTPUT FILE NAME:   <L10-Pong.out>
ENTRY POINT SYMBOL: "_c_int00"  address: 0000a0b4


MEMORY CONFIGURATION

         name            origin    length      used     unused   attr    fill
----------------------  --------  ---------  --------  --------  ----  --------
  SFR                   00000000   00000010  00000000  00000010  RWIX
  PERIPHERALS_8BIT      00000010   000000f0  00000000  000000f0  RWIX
  PERIPHERALS_16BIT     00000100   00000100  00000000  00000100  RWIX
  RAM                   00000200   00000400  000000de  00000322  RWIX
  INFOD                 00001000   00000040  00000000  00000040  RWIX
  INFOC                 00001040   00000040  00000000  00000040  RWIX
  INFOB                 00001080   00000040  00000000  00000040  RWIX
  INFOA                 000010c0   00000040  00000000  00000040  RWIX
  FLASH                 00008000   00007fde  000031cc  00004e12  RWIX
  INT00                 0000ffe0   00000002  00000000  00000002  RWIX
  INT01                 0000ffe2   00000002  00000000  00000002  RWIX
  INT02                 0000ffe4   00000002  00000002  00000000  RWIX
  INT03                 0000ffe6   00000002  00000002  00000000  RWIX
  INT04                 0000ffe8   00000002  00000000  00000002  RWIX
  INT05                 0000ffea   00000002  00000002  00000000  RWIX
  INT06                 0000ffec   00000002  00000002  00000000  RWIX
  INT07                 0000ffee   00000002  00000002  00000000  RWIX
  INT08                 0000fff0   00000002  00000002  00000000  RWIX
  INT09                 0000fff2   00000002  00000002  00000000  RWIX
  INT10                 0000fff4   00000002  00000002  00000000  RWIX
  INT11                 0000fff6   00000002  00000000  00000002  RWIX
  INT12                 0000fff8   00000002  00000002  00000000  RWIX
  INT13                 0000fffa   00000002  00000002  00000000  RWIX
  INT14                 0000fffc   00000002  00000002  00000000  RWIX
  RESET                 0000fffe   00000002  00000002  00000000  RWIX


SECTION ALLOCATION MAP

 output                                  attributes/
section   page    origin      length       input sections
--------  ----  ----------  ----------   ----------------
.pinit     0    00008000    00000000     UNINITIALIZED

.data      0    00000200    00000000     UNINITIALIZED

.sysmem    0    00000200    00000050     UNINITIALIZED
                  00000200    00000004     rts430.lib : memory.obj (.sysmem)
                  00000204    0000004c     --HOLE--

.bss       0    00000250    0000003e     UNINITIALIZED
                  00000250    00000022     pong.obj (.bss)
                  00000272    00000008     rts430.lib : memory.obj (.bss)
                  0000027a    00000006     RBX430_lcd.obj (.bss)
                  00000280    00000004     rts430.lib : _lock.obj (.bss)
                  00000284    00000004                : boot.obj (.bss)
                  00000288    00000004                : rand.obj (.bss)
                  0000028c    00000002     RBX430-1.obj (.bss)

.stack     0    000005b0    00000050     UNINITIALIZED
                  000005b0    00000002     rts430.lib : boot.obj (.stack)
                  000005b2    0000004e     --HOLE--

.text      0    00008000    000022e6     
                  00008000    000003c6     pongLib.obj (.text:drawBall)
                  000083c6    000002b8     pong.obj (.text:main)
                  0000867e    00000246     RBX430_lcd.obj (.text:lcd_point)
                  000088c4    00000238     RBX430_lcd.obj (.text:my_printfi)
                  00008afc    00000232     pong.obj (.text:info)
                  00008d2e    00000146     RBX430_lcd.obj (.text:lcd_init)
                  00008e74    00000140     pong.obj (.text:mBall)
                  00008fb4    00000132     RBX430_lcd.obj (.text:lcd_putchar)
                  000090e6    00000130     rts430.lib : fs_add.obj (.text)
                  00009216    00000104     pong.obj (.text:WDT_ISR)
                  0000931a    000000e0     pong.obj (.text:win)
                  000093fa    000000de     RBX430_lcd.obj (.text:lcd_bitImage)
                  000094d8    000000d4     RBX430_lcd.obj (.text:lcd_wordImage)
                  000095ac    000000c2     rts430.lib : fs_mpy.obj (.text)
                  0000966e    000000be     RBX430-1.obj (.text:RBX430_init)
                  0000972c    000000bc     RBX430-1.obj (.text:ADC_read)
                  000097e8    000000ac     pong.obj (.text:addScore)
                  00009894    000000a8     rts430.lib : memory.obj (.text:malloc)
                  0000993c    000000a6     pongEvents.obj (.text:MOVE_BALL_event)
                  000099e2    0000008c     RBX430_lcd.obj (.text:lcd_rectangle)
                  00009a6e    00000080     rts430.lib : memory.obj (.text:free)
                  00009aee    0000007a     pongEvents.obj (.text:ADC_READ_event)
                  00009b68    00000076     RBX430-1.obj (.text:ERROR2)
                  00009bde    00000068     pongLib.obj (.text:drawPaddle)
                  00009c46    00000068     rts430.lib : fs_toi.obj (.text)
                  00009cae    0000005e     RBX430_lcd.obj (.text:lcd_WD)
                  00009d0c    00000054     pong.obj (.text:update)
                  00009d60    0000004c     rts430.lib : lsr16.obj (.text)
                  00009dac    0000004a     RBX430_lcd.obj (.text:lcd_WD2)
                  00009df6    00000048     rts430.lib : autoinit.obj (.text:_auto_init)
                  00009e3e    00000046     RBX430_lcd.obj (.text:DelayMs)
                  00009e84    00000038     RBX430_lcd.obj (.text:ReadDataWord)
                  00009ebc    00000038     rts430.lib : memory.obj (.text:minit)
                  00009ef4    00000038                : rand.obj (.text:rand)
                  00009f2c    00000036                : fs_itof.obj (.text)
                  00009f62    00000034     RBX430_lcd.obj (.text:WriteDataWord)
                  00009f96    00000034     RBX430_lcd.obj (.text:lcd_set_x_y)
                  00009fca    00000034     pongEvents.obj (.text:new_paddle)
                  00009ffe    00000030     RBX430_lcd.obj (.text:lcd_cursor)
                  0000a02e    0000002e     RBX430_lcd.obj (.text:lcd_set)
                  0000a05c    0000002c     RBX430_lcd.obj (.text:lcd_volume)
                  0000a088    0000002c     rts430.lib : lsl16.obj (.text)
                  0000a0b4    00000026                : boot.obj (.text:_c_int00_noexit)
                  0000a0da    00000026                : mult32.obj (.text)
                  0000a100    00000024     RBX430_lcd.obj (.text:lcd_fillImage)
                  0000a124    00000024     RBX430_lcd.obj (.text:lcd_printf)
                  0000a148    00000024     pongEvents.obj (.text:new_ball)
                  0000a16c    00000022     pong.obj (.text:ISR_trap)
                  0000a18e    00000022     pong.obj (.text:endGame)
                  0000a1b0    00000020     RBX430_lcd.obj (.text:ReadData)
                  0000a1d0    0000001e     RBX430_lcd.obj (.text:WriteCmd)
                  0000a1ee    0000001e     RBX430_lcd.obj (.text:WriteData)
                  0000a20c    0000001e     RBX430_lcd.obj (.text:lcd_mode)
                  0000a22a    00000016     pong.obj (.text:TIMERA1_ISR)
                  0000a240    00000014     RBX430_lcd.obj (.text:lcd_backlight)
                  0000a254    00000014     rts430.lib : mult16.obj (.text)
                  0000a268    00000012                : lsr32.obj (.text:l_lsr)
                  0000a27a    00000012                : memcpy.obj (.text:memcpy)
                  0000a28c    00000012     pong.obj (.text:resetScore)
                  0000a29e    00000010     rts430.lib : epilog.obj (.text)
                  0000a2ae    0000000e                : strlen.obj (.text:strlen)
                  0000a2bc    0000000a                : abs.obj (.text:abs)
                  0000a2c6    0000000a     RBX430_lcd.obj (.text:lcd_clear)
                  0000a2d0    00000008     RBX430-1.obj (.text:ADC10_ISR)
                  0000a2d8    00000004     RBX430-1.obj (.text:ADC_init)
                  0000a2dc    00000004     rts430.lib : pre_init.obj (.text:_system_pre_init)
                  0000a2e0    00000004                : exit.obj (.text:abort)
                  0000a2e4    00000002                : _lock.obj (.text:_nop)

.const     0    0000a2e6    00000e9a     
                  0000a2e6    00000a12     pongImages.obj (.const:pong_image)
                  0000acf8    000001e0     RBX430_lcd.obj (.const:cs)
                  0000aed8    000000a2     RBX430_lcd.obj (.const:.string:dv3)
                  0000af7a    00000080     pongImages.obj (.const:.string:go)
                  0000affa    00000064     pong.obj (.const:.string)
                  0000b05e    00000041     pongImages.obj (.const:.string:one)
                  0000b09f    00000001     --HOLE-- [fill = 0]
                  0000b0a0    00000041     pongImages.obj (.const:.string:three)
                  0000b0e1    00000001     --HOLE-- [fill = 0]
                  0000b0e2    00000041     pongImages.obj (.const:.string:two)
                  0000b123    00000001     --HOLE-- [fill = 0]
                  0000b124    0000002c     RBX430_lcd.obj (.const:dv$3)
                  0000b150    00000011     RBX430_lcd.obj (.const:.string:lHexChar$1)
                  0000b161    00000001     --HOLE-- [fill = 0]
                  0000b162    00000011     RBX430_lcd.obj (.const:.string:uHexChar$2)
                  0000b173    00000001     --HOLE-- [fill = 0]
                  0000b174    00000006     RBX430_lcd.obj (.const:px_off)
                  0000b17a    00000006     RBX430_lcd.obj (.const:px_on)

.cinit     0    0000b180    0000004c     
                  0000b180    0000003c     pong.obj (.cinit)
                  0000b1bc    00000008     rts430.lib : rand.obj (.cinit)
                  0000b1c4    00000006                : memory.obj (.cinit)
                  0000b1ca    00000002     --HOLE-- [fill = 0]

PORT1      0    0000ffe4    00000002     
                  0000ffe4    00000002     pong.obj (.int02)

PORT2      0    0000ffe6    00000002     
                  0000ffe6    00000002     pong.obj (.int03)

ADC10      0    0000ffea    00000002     
                  0000ffea    00000002     RBX430-1.obj (.int05)

USCIAB0TX 
*          0    0000ffec    00000002     
                  0000ffec    00000002     pong.obj (.int06)

USCIAB0RX 
*          0    0000ffee    00000002     
                  0000ffee    00000002     pong.obj (.int07)

TIMERA1    0    0000fff0    00000002     
                  0000fff0    00000002     pong.obj (.int08)

TIMERA0    0    0000fff2    00000002     
                  0000fff2    00000002     pong.obj (.int09)

WDT        0    0000fff4    00000002     
                  0000fff4    00000002     pong.obj (.int10)

TIMERB1    0    0000fff8    00000002     
                  0000fff8    00000002     pong.obj (.int12)

TIMERB0    0    0000fffa    00000002     
                  0000fffa    00000002     pong.obj (.int13)

NMI        0    0000fffc    00000002     
                  0000fffc    00000002     pong.obj (.int14)

.reset     0    0000fffe    00000002     
                  0000fffe    00000002     rts430.lib : boot.obj (.reset)


GLOBAL SYMBOLS: SORTED ALPHABETICALLY BY Name 

address    name
--------   ----
00000250   .bss
00000200   .data
00008000   .text
0000004a   ADC10AE0
0000004b   ADC10AE1
000001b0   ADC10CTL0
000001b2   ADC10CTL1
00000048   ADC10DTC0
00000049   ADC10DTC1
000001b4   ADC10MEM
000001bc   ADC10SA
0000a2d0   ADC10_ISR
00009aee   ADC_READ_event
0000a2d8   ADC_init
0000972c   ADC_read
00000057   BCSCTL1
00000058   BCSCTL2
00000053   BCSCTL3
0000a2e0   C$$EXIT
000010fb   CALBC1_12MHZ
000010f9   CALBC1_16MHZ
000010ff   CALBC1_1MHZ
000010fd   CALBC1_8MHZ
000010fa   CALDCO_12MHZ
000010f8   CALDCO_16MHZ
000010fe   CALDCO_1MHZ
000010fc   CALDCO_8MHZ
00000056   DCOCTL
00009b68   ERROR2
00000128   FCTL1
0000012a   FCTL2
0000012c   FCTL3
00000000   IE1
00000001   IE2
00000002   IFG1
00000003   IFG2
0000a16c   ISR_trap
0000a088   I_LSL
0000a0b0   I_LSL_1
0000a09e   I_LSL_10
0000a09c   I_LSL_11
0000a09a   I_LSL_12
0000a098   I_LSL_13
0000a096   I_LSL_14
0000a094   I_LSL_15
0000a0ae   I_LSL_2
0000a0ac   I_LSL_3
0000a0aa   I_LSL_4
0000a0a8   I_LSL_5
0000a0a6   I_LSL_6
0000a0a4   I_LSL_7
0000a0a2   I_LSL_8
0000a0a0   I_LSL_9
00009d60   I_LSR
00009da6   I_LSR_1
00009d82   I_LSR_10
00009d7e   I_LSR_11
00009d7a   I_LSR_12
00009d76   I_LSR_13
00009d72   I_LSR_14
00009d6e   I_LSR_15
00009da2   I_LSR_2
00009d9e   I_LSR_3
00009d9a   I_LSR_4
00009d96   I_LSR_5
00009d92   I_LSR_6
00009d8e   I_LSR_7
00009d8a   I_LSR_8
00009d86   I_LSR_9
0000a268   L_LSR
0000993c   MOVE_BALL_event
000000c0   OA0CTL0
000000c1   OA0CTL1
000000c2   OA1CTL0
000000c3   OA1CTL1
00000022   P1DIR
00000025   P1IE
00000024   P1IES
00000023   P1IFG
00000020   P1IN
00000021   P1OUT
00000027   P1REN
00000026   P1SEL
0000002a   P2DIR
0000002d   P2IE
0000002c   P2IES
0000002b   P2IFG
00000028   P2IN
00000029   P2OUT
0000002f   P2REN
0000002e   P2SEL
0000001a   P3DIR
00000018   P3IN
00000019   P3OUT
00000010   P3REN
0000001b   P3SEL
0000001e   P4DIR
0000001c   P4IN
0000001d   P4OUT
00000011   P4REN
0000001f   P4SEL
0000966e   RBX430_init
00000172   TACCR0
00000174   TACCR1
00000176   TACCR2
00000162   TACCTL0
00000164   TACCTL1
00000166   TACCTL2
00000160   TACTL
0000012e   TAIV
00000170   TAR
00000254   TB0_tone_on
00000192   TBCCR0
00000194   TBCCR1
00000196   TBCCR2
00000182   TBCCTL0
00000184   TBCCTL1
00000186   TBCCTL2
00000180   TBCTL
0000011e   TBIV
00000190   TBR
0000a22a   TIMERA1_ISR
0000005d   UCA0ABCTL
00000062   UCA0BR0
00000063   UCA0BR1
00000060   UCA0CTL0
00000061   UCA0CTL1
0000005f   UCA0IRRCTL
0000005e   UCA0IRTCTL
00000064   UCA0MCTL
00000066   UCA0RXBUF
00000065   UCA0STAT
00000067   UCA0TXBUF
0000006a   UCB0BR0
0000006b   UCB0BR1
00000068   UCB0CTL0
00000069   UCB0CTL1
0000006c   UCB0I2CIE
00000118   UCB0I2COA
0000011a   UCB0I2CSA
0000006e   UCB0RXBUF
0000006d   UCB0STAT
0000006f   UCB0TXBUF
00000120   WDTCTL
00009216   WDT_ISR
0000025c   WDT_Sec_Cnt
00000252   WDT_adc_cnt
00000250   WDT_cps_cnt
00000600   __STACK_END
00000050   __STACK_SIZE
00000050   __SYSMEM_SIZE
00000001   __TI_args_main
00000001   __TI_auto_init
00000284   __TI_cleanup_ptr
00000286   __TI_dtors_ptr
00000001   __TI_exit
0000ffe4   __TI_int02
0000ffe6   __TI_int03
0000ffea   __TI_int05
0000ffec   __TI_int06
0000ffee   __TI_int07
0000fff0   __TI_int08
0000fff2   __TI_int09
0000fff4   __TI_int10
0000fff8   __TI_int12
0000fffa   __TI_int13
0000fffc   __TI_int14
ffffffff   __binit__
00000250   __bss__
ffffffff   __c_args__
0000b180   __cinit__
00000200   __data__
00000200   __edata__
0000028e   __end__
0000a2e6   __etext__
000090ec   __fs_add
00009f2c   __fs_itof
000095ac   __fs_mpy
000090e6   __fs_sub
00009c46   __fs_toi
0000a254   __mpyi
0000a0da   __mpyl
ffffffff   __pinit__
00008000   __text__
00009df6   _auto_init
0000a0b4   _c_int00
0000a0b4   _c_int00_noexit
00000280   _lock
0000a2e4   _nop
0000fffe   _reset_vector
000005b0   _stack
00000200   _sys_memory
0000a2dc   _system_pre_init
00000282   _unlock
0000a2e0   abort
0000a2bc   abs
00000270   ace
000097e8   addScore
ffffffff   binit
0000b180   cinit
0000acf8   cs
00008000   drawBall
00009bde   drawPaddle
0000aed8   dv3
00000258   dx
0000025a   dy
00000200   edata
0000028e   end
0000a18e   endGame
0000a2e6   etext
00009a6e   free
0000a2aa   func_epilog_1
0000a2a8   func_epilog_2
0000a2a6   func_epilog_3
0000a2a4   func_epilog_4
0000a2a2   func_epilog_5
0000a2a0   func_epilog_6
0000a29e   func_epilog_7
0000af7a   go
0000028c   i2c_fSCL
00008afc   info
00009cae   lcd_WD
00009dac   lcd_WD2
0000a240   lcd_backlight
000093fa   lcd_bitImage
0000a2c6   lcd_clear
00009ffe   lcd_cursor
0000a100   lcd_fillImage
00008d2e   lcd_init
0000a20c   lcd_mode
0000867e   lcd_point
0000a124   lcd_printf
00008fb4   lcd_putchar
000099e2   lcd_rectangle
0000a02e   lcd_set
00009f96   lcd_set_x_y
0000a05c   lcd_volume
000094d8   lcd_wordImage
00000264   leftScore
00000268   leftTotal
00008e74   mBall
000083c6   main
00009894   malloc
0000a27a   memcpy
00009ebc   minit
0000a148   new_ball
00009fca   new_paddle
0000b05e   one
ffffffff   pinit
0000a2e6   pong_image
0000b174   px_off
0000b17a   px_on
0000026e   r
0000026c   rally
00009ef4   rand
0000a28c   resetScore
00000266   rightScore
0000026a   rightTotal
0000025e   sc
00000260   sec
00000262   speed
0000a2ae   strlen
00000256   sys_event
0000b0a0   three
0000b0e2   two
00009d0c   update
0000931a   win


GLOBAL SYMBOLS: SORTED BY Symbol Address 

address    name
--------   ----
00000000   IE1
00000001   IE2
00000001   __TI_args_main
00000001   __TI_auto_init
00000001   __TI_exit
00000002   IFG1
00000003   IFG2
00000010   P3REN
00000011   P4REN
00000018   P3IN
00000019   P3OUT
0000001a   P3DIR
0000001b   P3SEL
0000001c   P4IN
0000001d   P4OUT
0000001e   P4DIR
0000001f   P4SEL
00000020   P1IN
00000021   P1OUT
00000022   P1DIR
00000023   P1IFG
00000024   P1IES
00000025   P1IE
00000026   P1SEL
00000027   P1REN
00000028   P2IN
00000029   P2OUT
0000002a   P2DIR
0000002b   P2IFG
0000002c   P2IES
0000002d   P2IE
0000002e   P2SEL
0000002f   P2REN
00000048   ADC10DTC0
00000049   ADC10DTC1
0000004a   ADC10AE0
0000004b   ADC10AE1
00000050   __STACK_SIZE
00000050   __SYSMEM_SIZE
00000053   BCSCTL3
00000056   DCOCTL
00000057   BCSCTL1
00000058   BCSCTL2
0000005d   UCA0ABCTL
0000005e   UCA0IRTCTL
0000005f   UCA0IRRCTL
00000060   UCA0CTL0
00000061   UCA0CTL1
00000062   UCA0BR0
00000063   UCA0BR1
00000064   UCA0MCTL
00000065   UCA0STAT
00000066   UCA0RXBUF
00000067   UCA0TXBUF
00000068   UCB0CTL0
00000069   UCB0CTL1
0000006a   UCB0BR0
0000006b   UCB0BR1
0000006c   UCB0I2CIE
0000006d   UCB0STAT
0000006e   UCB0RXBUF
0000006f   UCB0TXBUF
000000c0   OA0CTL0
000000c1   OA0CTL1
000000c2   OA1CTL0
000000c3   OA1CTL1
00000118   UCB0I2COA
0000011a   UCB0I2CSA
0000011e   TBIV
00000120   WDTCTL
00000128   FCTL1
0000012a   FCTL2
0000012c   FCTL3
0000012e   TAIV
00000160   TACTL
00000162   TACCTL0
00000164   TACCTL1
00000166   TACCTL2
00000170   TAR
00000172   TACCR0
00000174   TACCR1
00000176   TACCR2
00000180   TBCTL
00000182   TBCCTL0
00000184   TBCCTL1
00000186   TBCCTL2
00000190   TBR
00000192   TBCCR0
00000194   TBCCR1
00000196   TBCCR2
000001b0   ADC10CTL0
000001b2   ADC10CTL1
000001b4   ADC10MEM
000001bc   ADC10SA
00000200   .data
00000200   __data__
00000200   __edata__
00000200   _sys_memory
00000200   edata
00000250   .bss
00000250   WDT_cps_cnt
00000250   __bss__
00000252   WDT_adc_cnt
00000254   TB0_tone_on
00000256   sys_event
00000258   dx
0000025a   dy
0000025c   WDT_Sec_Cnt
0000025e   sc
00000260   sec
00000262   speed
00000264   leftScore
00000266   rightScore
00000268   leftTotal
0000026a   rightTotal
0000026c   rally
0000026e   r
00000270   ace
00000280   _lock
00000282   _unlock
00000284   __TI_cleanup_ptr
00000286   __TI_dtors_ptr
0000028c   i2c_fSCL
0000028e   __end__
0000028e   end
000005b0   _stack
00000600   __STACK_END
000010f8   CALDCO_16MHZ
000010f9   CALBC1_16MHZ
000010fa   CALDCO_12MHZ
000010fb   CALBC1_12MHZ
000010fc   CALDCO_8MHZ
000010fd   CALBC1_8MHZ
000010fe   CALDCO_1MHZ
000010ff   CALBC1_1MHZ
00008000   .text
00008000   __text__
00008000   drawBall
000083c6   main
0000867e   lcd_point
00008afc   info
00008d2e   lcd_init
00008e74   mBall
00008fb4   lcd_putchar
000090e6   __fs_sub
000090ec   __fs_add
00009216   WDT_ISR
0000931a   win
000093fa   lcd_bitImage
000094d8   lcd_wordImage
000095ac   __fs_mpy
0000966e   RBX430_init
0000972c   ADC_read
000097e8   addScore
00009894   malloc
0000993c   MOVE_BALL_event
000099e2   lcd_rectangle
00009a6e   free
00009aee   ADC_READ_event
00009b68   ERROR2
00009bde   drawPaddle
00009c46   __fs_toi
00009cae   lcd_WD
00009d0c   update
00009d60   I_LSR
00009d6e   I_LSR_15
00009d72   I_LSR_14
00009d76   I_LSR_13
00009d7a   I_LSR_12
00009d7e   I_LSR_11
00009d82   I_LSR_10
00009d86   I_LSR_9
00009d8a   I_LSR_8
00009d8e   I_LSR_7
00009d92   I_LSR_6
00009d96   I_LSR_5
00009d9a   I_LSR_4
00009d9e   I_LSR_3
00009da2   I_LSR_2
00009da6   I_LSR_1
00009dac   lcd_WD2
00009df6   _auto_init
00009ebc   minit
00009ef4   rand
00009f2c   __fs_itof
00009f96   lcd_set_x_y
00009fca   new_paddle
00009ffe   lcd_cursor
0000a02e   lcd_set
0000a05c   lcd_volume
0000a088   I_LSL
0000a094   I_LSL_15
0000a096   I_LSL_14
0000a098   I_LSL_13
0000a09a   I_LSL_12
0000a09c   I_LSL_11
0000a09e   I_LSL_10
0000a0a0   I_LSL_9
0000a0a2   I_LSL_8
0000a0a4   I_LSL_7
0000a0a6   I_LSL_6
0000a0a8   I_LSL_5
0000a0aa   I_LSL_4
0000a0ac   I_LSL_3
0000a0ae   I_LSL_2
0000a0b0   I_LSL_1
0000a0b4   _c_int00
0000a0b4   _c_int00_noexit
0000a0da   __mpyl
0000a100   lcd_fillImage
0000a124   lcd_printf
0000a148   new_ball
0000a16c   ISR_trap
0000a18e   endGame
0000a20c   lcd_mode
0000a22a   TIMERA1_ISR
0000a240   lcd_backlight
0000a254   __mpyi
0000a268   L_LSR
0000a27a   memcpy
0000a28c   resetScore
0000a29e   func_epilog_7
0000a2a0   func_epilog_6
0000a2a2   func_epilog_5
0000a2a4   func_epilog_4
0000a2a6   func_epilog_3
0000a2a8   func_epilog_2
0000a2aa   func_epilog_1
0000a2ae   strlen
0000a2bc   abs
0000a2c6   lcd_clear
0000a2d0   ADC10_ISR
0000a2d8   ADC_init
0000a2dc   _system_pre_init
0000a2e0   C$$EXIT
0000a2e0   abort
0000a2e4   _nop
0000a2e6   __etext__
0000a2e6   etext
0000a2e6   pong_image
0000acf8   cs
0000aed8   dv3
0000af7a   go
0000b05e   one
0000b0a0   three
0000b0e2   two
0000b174   px_off
0000b17a   px_on
0000b180   __cinit__
0000b180   cinit
0000ffe4   __TI_int02
0000ffe6   __TI_int03
0000ffea   __TI_int05
0000ffec   __TI_int06
0000ffee   __TI_int07
0000fff0   __TI_int08
0000fff2   __TI_int09
0000fff4   __TI_int10
0000fff8   __TI_int12
0000fffa   __TI_int13
0000fffc   __TI_int14
0000fffe   _reset_vector
ffffffff   __binit__
ffffffff   __c_args__
ffffffff   __pinit__
ffffffff   binit
ffffffff   pinit

[267 symbols]
